Component: ARM Compiler 5.06 update 5 (build 528) Tool: armlink [4d35e2]

==============================================================================

Section Cross References

    startup_stm32f10x_hd.o(RESET) refers to startup_stm32f10x_hd.o(STACK) for __initial_sp
    startup_stm32f10x_hd.o(RESET) refers to startup_stm32f10x_hd.o(.text) for Reset_Handler
    startup_stm32f10x_hd.o(RESET) refers to stm32f10x_it.o(.text) for NMI_Handler
    startup_stm32f10x_hd.o(RESET) refers to key.o(.text) for EXTI3_IRQHandler
    startup_stm32f10x_hd.o(RESET) refers to tim2.o(.text) for TIM2_IRQHandler
    startup_stm32f10x_hd.o(RESET) refers to tim3.o(.text) for TIM3_IRQHandler
    startup_stm32f10x_hd.o(RESET) refers to bsp_usart.o(.text) for USART1_IRQHandler
    startup_stm32f10x_hd.o(RESET) refers to bsp_usart3.o(.text) for USART3_IRQHandler
    startup_stm32f10x_hd.o(RESET) refers to uart4.o(.text) for UART4_IRQHandler
    startup_stm32f10x_hd.o(RESET) refers to uart5.o(.text) for UART5_IRQHandler
    startup_stm32f10x_hd.o(RESET) refers to tim6.o(.text) for TIM6_IRQHandler
    startup_stm32f10x_hd.o(RESET) refers to tim7.o(.text) for TIM7_IRQHandler
    startup_stm32f10x_hd.o(.text) refers to system_stm32f10x.o(.text) for SystemInit
    startup_stm32f10x_hd.o(.text) refers to entry.o(.ARM.Collect$$$$00000000) for __main
    system_stm32f10x.o(.text) refers to system_stm32f10x.o(.data) for SystemCoreClock
    stm32f10x_adc.o(.text) refers to stm32f10x_rcc.o(.text) for RCC_APB2PeriphResetCmd
    stm32f10x_bkp.o(.text) refers to stm32f10x_rcc.o(.text) for RCC_BackupResetCmd
    stm32f10x_can.o(.text) refers to stm32f10x_rcc.o(.text) for RCC_APB1PeriphResetCmd
    stm32f10x_cec.o(.text) refers to stm32f10x_rcc.o(.text) for RCC_APB1PeriphResetCmd
    stm32f10x_dac.o(.text) refers to stm32f10x_rcc.o(.text) for RCC_APB1PeriphResetCmd
    stm32f10x_gpio.o(.text) refers to stm32f10x_rcc.o(.text) for RCC_APB2PeriphResetCmd
    stm32f10x_i2c.o(.text) refers to stm32f10x_rcc.o(.text) for RCC_APB1PeriphResetCmd
    stm32f10x_pwr.o(.text) refers to stm32f10x_rcc.o(.text) for RCC_APB1PeriphResetCmd
    stm32f10x_rcc.o(.text) refers to stm32f10x_rcc.o(.data) for APBAHBPrescTable
    stm32f10x_spi.o(.text) refers to stm32f10x_rcc.o(.text) for RCC_APB2PeriphResetCmd
    stm32f10x_tim.o(.text) refers to stm32f10x_rcc.o(.text) for RCC_APB2PeriphResetCmd
    stm32f10x_usart.o(.text) refers to stm32f10x_rcc.o(.text) for RCC_APB2PeriphResetCmd
    stm32f10x_wwdg.o(.text) refers to stm32f10x_rcc.o(.text) for RCC_APB1PeriphResetCmd
    main.o(.text) refers to oled.o(.text) for OLED_Init
    main.o(.text) refers to bsp_usart.o(.text) for USART_Config
    main.o(.text) refers to led.o(.text) for led_init
    main.o(.text) refers to hongwai.o(.text) for hongwai_init
    main.o(.text) refers to tim4.o(.text) for TIM4_Init
    main.o(.text) refers to bsp_systick.o(.text) for Delay_us
    main.o(.text) refers to tim2.o(.text) for TIM2_Init
    main.o(.text) refers to tim3.o(.text) for TIM3_Init
    main.o(.text) refers to tim7.o(.text) for TIM7_Init
    main.o(.text) refers to tim6.o(.text) for oled_hongwai
    stm32f10x_it.o(.text) refers to bsp_systick.o(.text) for TimingDelay_Decrement
    bsp_systick.o(.text) refers to system_stm32f10x.o(.data) for SystemCoreClock
    bsp_systick.o(.text) refers to bsp_systick.o(.data) for TimingDelay
    bsp_usart.o(.text) refers to misc.o(.text) for NVIC_PriorityGroupConfig
    bsp_usart.o(.text) refers to stm32f10x_rcc.o(.text) for RCC_APB2PeriphClockCmd
    bsp_usart.o(.text) refers to stm32f10x_gpio.o(.text) for GPIO_Init
    bsp_usart.o(.text) refers to stm32f10x_usart.o(.text) for USART_Init
    bsp_usart.o(.text) refers to bsp_usart.o(.data) for UART_RxPtr
    bsp_usart.o(.text) refers to bsp_usart.o(.bss) for UART_RxBuffer
    bsp_usart3.o(.text) refers to misc.o(.text) for NVIC_PriorityGroupConfig
    bsp_usart3.o(.text) refers to stm32f10x_rcc.o(.text) for RCC_APB2PeriphClockCmd
    bsp_usart3.o(.text) refers to stm32f10x_gpio.o(.text) for GPIO_Init
    bsp_usart3.o(.text) refers to stm32f10x_usart.o(.text) for USART_Init
    bsp_usart3.o(.text) refers to bsp_usart3.o(.data) for step
    bsp_usart3.o(.text) refers to main.o(.data) for JG_distance
    key.o(.text) refers to misc.o(.text) for NVIC_PriorityGroupConfig
    key.o(.text) refers to stm32f10x_rcc.o(.text) for RCC_APB2PeriphClockCmd
    key.o(.text) refers to stm32f10x_gpio.o(.text) for GPIO_Init
    key.o(.text) refers to stm32f10x_exti.o(.text) for EXTI_Init
    key.o(.text) refers to bsp_systick.o(.text) for Delay_us
    key.o(.text) refers to led.o(.bss) for status
    led.o(.text) refers to stm32f10x_rcc.o(.text) for RCC_APB2PeriphClockCmd
    led.o(.text) refers to stm32f10x_gpio.o(.text) for GPIO_Init
    tim1.o(.text) refers to stm32f10x_rcc.o(.text) for RCC_APB2PeriphClockCmd
    tim1.o(.text) refers to stm32f10x_gpio.o(.text) for GPIO_Init
    tim1.o(.text) refers to stm32f10x_tim.o(.text) for TIM_TimeBaseStructInit
[...]
    ../fplib/microlib/fpdiv.c                0x00000000   Number         0  fdiv.o ABSOLUTE
    ../fplib/microlib/fpepilogue.c           0x00000000   Number         0  fepilogue.o ABSOLUTE
    ../fplib/microlib/fpepilogue.c           0x00000000   Number         0  depilogue.o ABSOLUTE
    ../fplib/microlib/fpfix.c                0x00000000   Number         0  dfixul.o ABSOLUTE
    ../fplib/microlib/fpfix.c                0x00000000   Number         0  dfixi.o ABSOLUTE
    ../fplib/microlib/fpfix.c                0x00000000   Number         0  ffixl.o ABSOLUTE
    ../fplib/microlib/fpfix.c                0x00000000   Number         0  ffixui.o ABSOLUTE
    ../fplib/microlib/fpfix.c                0x00000000   Number         0  ffixi.o ABSOLUTE
    ../fplib/microlib/fpfix.c                0x00000000   Number         0  dfixui.o ABSOLUTE
    ../fplib/microlib/fpflt.c                0x00000000   Number         0  dfltui.o ABSOLUTE
    ../fplib/microlib/fpflt.c                0x00000000   Number         0  ffltui.o ABSOLUTE
    ../fplib/microlib/fpflt.c                0x00000000   Number         0  dflti.o ABSOLUTE
    ../fplib/microlib/fpflt.c                0x00000000   Number         0  ffltl.o ABSOLUTE
    ../fplib/microlib/fpflt.c                0x00000000   Number         0  fflti.o ABSOLUTE
    ../fplib/microlib/fpmul.c                0x00000000   Number         0  dmul.o ABSOLUTE
    ../fplib/microlib/fpmul.c                0x00000000   Number         0  fmul.o ABSOLUTE
    ../fplib/microlib/fprnd.c                0x00000000   Number         0  frnd.o ABSOLUTE
    ../fplib/microlib/fpscalb.c              0x00000000   Number         0  dscalb.o ABSOLUTE
    ../fplib/microlib/fpscalb.c              0x00000000   Number         0  fscalb.o ABSOLUTE
    ../fplib/microlib/fpsqrt.c               0x00000000   Number         0  dsqrt.o ABSOLUTE
    ../fplib/microlib/fpsqrt.c               0x00000000   Number         0  fsqrt.o ABSOLUTE
    ../mathlib/acos.c                        0x00000000   Number         0  acos.o ABSOLUTE
    ../mathlib/acos.c                        0x00000000   Number         0  acos_x.o ABSOLUTE
    ../mathlib/acosf.c                       0x00000000   Number         0  acosf.o ABSOLUTE
    ../mathlib/acosf.c                       0x00000000   Number         0  acosf_x.o ABSOLUTE
    ../mathlib/asin.c                        0x00000000   Number         0  asin_x.o ABSOLUTE
    ../mathlib/asin.c                        0x00000000   Number         0  asin.o ABSOLUTE
    ../mathlib/asinf.c                       0x00000000   Number         0  asinf_x.o ABSOLUTE
    ../mathlib/asinf.c                       0x00000000   Number         0  asinf.o ABSOLUTE
    ../mathlib/atan.c                        0x00000000   Number         0  atan_x.o ABSOLUTE
    ../mathlib/atan.c                        0x00000000   Number         0  atan.o ABSOLUTE
    ../mathlib/atan2.c                       0x00000000   Number         0  atan2_x.o ABSOLUTE
    ../mathlib/atan2.c                       0x00000000   Number         0  atan2.o ABSOLUTE
    ../mathlib/atan2f.c                      0x00000000   Number         0  atan2f.o ABSOLUTE
    ../mathlib/atan2f.c                      0x00000000   Number         0  atan2f_x.o ABSOLUTE
    ../mathlib/ceil.c                        0x00000000   Number         0  ceil.o ABSOLUTE
    ../mathlib/cos.c                         0x00000000   Number         0  cos_x.o ABSOLUTE
    ../mathlib/cos.c                         0x00000000   Number         0  cos.o ABSOLUTE
    ../mathlib/cos_i.c                       0x00000000   Number         0  cos_i.o ABSOLUTE
    ../mathlib/cosf.c                        0x00000000   Number         0  cosf_x.o ABSOLUTE
    ../mathlib/cosf.c                        0x00000000   Number         0  cosf.o ABSOLUTE
    ../mathlib/dunder.c                      0x00000000   Number         0  dunder.o ABSOLUTE
    ../mathlib/floor.c                       0x00000000   Number         0  floor.o ABSOLUTE
    ../mathlib/fpclassify.c                  0x00000000   Number         0  fpclassify.o ABSOLUTE
    ../mathlib/fpclassifyf.c                 0x00000000   Number         0  fpclassifyf.o ABSOLUTE
    ../mathlib/funder.c                      0x00000000   Number         0  funder.o ABSOLUTE
    ../mathlib/log.c                         0x00000000   Number         0  log_x.o ABSOLUTE
    ../mathlib/log.c                         0x00000000   Number         0  log.o ABSOLUTE
    ../mathlib/poly.c                        0x00000000   Number         0  poly.o ABSOLUTE
    ../mathlib/pow.c                         0x00000000   Number         0  pow.o ABSOLUTE
    ../mathlib/pow.c                         0x00000000   Number         0  pow_x.o ABSOLUTE
    ../mathlib/qnan.c                        0x00000000   Number         0  qnan.o ABSOLUTE
    ../mathlib/rred.c                        0x00000000   Number         0  rred.o ABSOLUTE
    ../mathlib/rredf.c                       0x00000000   Number         0  rredf.o ABSOLUTE
    ../mathlib/sin.c                         0x00000000   Number         0  sin.o ABSOLUTE
    ../mathlib/sin.c                         0x00000000   Number         0  sin_x.o ABSOLUTE
    ../mathlib/sin_i.c                       0x00000000   Number         0  sin_i_x.o ABSOLUTE
    ../mathlib/sin_i.c                       0x00000000   Number         0  sin_i.o ABSOLUTE
    ../mathlib/sinf.c                        0x00000000   Number         0  sinf_x.o ABSOLUTE
    ../mathlib/sinf.c                        0x00000000   Number         0  sinf.o ABSOLUTE
    ../mathlib/sqrt.c                        0x00000000   Number         0  sqrt_x.o ABSOLUTE
    ../mathlib/sqrt.c                        0x00000000   Number         0  sqrt.o ABSOLUTE
    ../mathlib/sqrtf.c                       0x00000000   Number         0  sqrtf_x.o ABSOLUTE
    ../mathlib/sqrtf.c                       0x00000000   Number         0  sqrtf.o ABSOLUTE
    ..\..\DMP\ALIENTEK.c                     0x00000000   Number         0  alientek.o ABSOLUTE
    ..\..\DMP\driver\eMPL\inv_mpu.c          0x00000000   Number         0  inv_mpu.o ABSOLUTE
    ..\..\DMP\driver\eMPL\inv_mpu_dmp_motion_driver.c 0x00000000   Number         0  inv_mpu_dmp_motion_driver.o ABSOLUTE
    ..\..\DMP\driver\stm32L\log_stm32.c      0x00000000   Number         0  log_stm32.o ABSOLUTE
    ..\..\DMP\eMPL-hal\eMPL_outputs.c        0x00000000   Number         0  empl_outputs.o ABSOLUTE
    ..\..\DMP\mllite\data_builder.c          0x00000000   Number         0  data_builder.o ABSOLUTE
    ..\..\DMP\mllite\hal_outputs.c           0x00000000   Number         0  hal_outputs.o ABSOLUTE
    ..\..\DMP\mllite\message_layer.c         0x00000000   Number         0  message_layer.o ABSOLUTE
    ..\..\DMP\mllite\ml_math_func.c          0x00000000   Number         0  ml_math_func.o ABSOLUTE
    ..\..\DMP\mllite\mlmath.c                0x00000000   Number         0  mlmath.o ABSOLUTE
    ..\..\DMP\mllite\mpl.c                   0x00000000   Number         0  mpl.o ABSOLUTE
    ..\..\DMP\mllite\results_holder.c        0x00000000   Number         0  results_holder.o ABSOLUTE
    ..\..\DMP\mllite\start_manager.c         0x00000000   Number         0  start_manager.o ABSOLUTE
    ..\..\DMP\mllite\storage_manager.c       0x00000000   Number         0  storage_manager.o ABSOLUTE
    ..\..\Libraries\CMSIS\core_cm3.c         0x00000000   Number         0  core_cm3.o ABSOLUTE
    ..\..\Libraries\CMSIS\startup\startup_stm32f10x_hd.s 0x00000000   Number         0  startup_stm32f10x_hd.o ABSOLUTE
    ..\..\Libraries\CMSIS\system_stm32f10x.c 0x00000000   Number         0  system_stm32f10x.o ABSOLUTE
    ..\..\Libraries\FWlib\src\misc.c         0x00000000   Number         0  misc.o ABSOLUTE
    ..\..\Libraries\FWlib\src\stm32f10x_adc.c 0x00000000   Number         0  stm32f10x_adc.o ABSOLUTE
    ..\..\Libraries\FWlib\src\stm32f10x_bkp.c 0x00000000   Number         0  stm32f10x_bkp.o ABSOLUTE
    ..\..\Libraries\FWlib\src\stm32f10x_can.c 0x00000000   Number         0  stm32f10x_can.o ABSOLUTE
    ..\..\Libraries\FWlib\src\stm32f10x_cec.c 0x00000000   Number         0  stm32f10x_cec.o ABSOLUTE
    ..\..\Libraries\FWlib\src\stm32f10x_crc.c 0x00000000   Number         0  stm32f10x_crc.o ABSOLUTE
    ..\..\Libraries\FWlib\src\stm32f10x_dac.c 0x00000000   Number         0  stm32f10x_dac.o ABSOLUTE
    ..\..\Libraries\FWlib\src\stm32f10x_dbgmcu.c 0x00000000   Number         0  stm32f10x_dbgmcu.o ABSOLUTE
    ..\..\Libraries\FWlib\src\stm32f10x_dma.c 0x00000000   Number         0  stm32f10x_dma.o ABSOLUTE
    ..\..\Libraries\FWlib\src\stm32f10x_exti.c 0x00000000   Number         0  stm32f10x_exti.o ABSOLUTE
    ..\..\Libraries\FWlib\src\stm32f10x_flash.c 0x00000000   Number         0  stm32f10x_flash.o ABSOLUTE
    ..\..\Libraries\FWlib\src\stm32f10x_fsmc.c 0x00000000   Number         0  stm32f10x_fsmc.o ABSOLUTE
    ..\..\Libraries\FWlib\src\stm32f10x_gpio.c 0x00000000   Number         0  stm32f10x_gpio.o ABSOLUTE
    ..\..\Libraries\FWlib\src\stm32f10x_i2c.c 0x00000000   Number         0  stm32f10x_i2c.o ABSOLUTE
    ..\..\Libraries\FWlib\src\stm32f10x_iwdg.c 0x00000000   Number         0  stm32f10x_iwdg.o ABSOLUTE
    ..\..\Libraries\FWlib\src\stm32f10x_pwr.c 0x00000000   Number         0  stm32f10x_pwr.o ABSOLUTE
    ..\..\Libraries\FWlib\src\stm32f10x_rcc.c 0x00000000   Number         0  stm32f10x_rcc.o ABSOLUTE
    ..\..\Libraries\FWlib\src\stm32f10x_rtc.c 0x00000000   Number         0  stm32f10x_rtc.o ABSOLUTE
    ..\..\Libraries\FWlib\src\stm32f10x_sdio.c 0x00000000   Number         0  stm32f10x_sdio.o ABSOLUTE
    ..\..\Libraries\FWlib\src\stm32f10x_spi.c 0x00000000   Number         0  stm32f10x_spi.o ABSOLUTE
    ..\..\Libraries\FWlib\src\stm32f10x_tim.c 0x00000000   Number         0  stm32f10x_tim.o ABSOLUTE
    ..\..\Libraries\FWlib\src\stm32f10x_usart.c 0x00000000   Number         0  stm32f10x_usart.o ABSOLUTE
    ..\..\Libraries\FWlib\src\stm32f10x_wwdg.c 0x00000000   Number         0  stm32f10x_wwdg.o ABSOLUTE
    ..\..\User\1iic.c                        0x00000000   Number         0  1iic.o ABSOLUTE
    ..\..\User\DataScope_DP.C                0x00000000   Number         0  datascope_dp.o ABSOLUTE
    ..\..\User\HMC5983.c                     0x00000000   Number         0  hmc5983.o ABSOLUTE
    ..\..\User\TIM1.c                        0x00000000   Number         0  tim1.o ABSOLUTE
    ..\..\User\TIM2.c                        0x00000000   Number         0  tim2.o ABSOLUTE
    ..\..\User\TIM3.c                        0x00000000   Number         0  tim3.o ABSOLUTE
    ..\..\User\TIM4.c                        0x00000000   Number         0  tim4.o ABSOLUTE
    ..\..\User\TIM6.c                        0x00000000   Number         0  tim6.o ABSOLUTE
    ..\..\User\TIM7.c                        0x00000000   Number         0  tim7.o ABSOLUTE
    ..\..\User\TIM8.c                        0x00000000   Number         0  tim8.o ABSOLUTE
    ..\..\User\bsp_SysTick.c                 0x00000000   Number         0  bsp_systick.o ABSOLUTE
    ..\..\User\bsp_usart.c                   0x00000000   Number         0  bsp_usart.o ABSOLUTE
    ..\..\User\bsp_usart3.c                  0x00000000   Number         0  bsp_usart3.o ABSOLUTE
    ..\..\User\encoder.c                     0x00000000   Number         0  encoder.o ABSOLUTE
    ..\..\User\filter.c                      0x00000000   Number         0  filter.o ABSOLUTE
    ..\..\User\hmciic.c                      0x00000000   Number         0  hmciic.o ABSOLUTE
    ..\..\User\hongwai.c                     0x00000000   Number         0  hongwai.o ABSOLUTE
    ..\..\User\iic.c                         0x00000000   Number         0  iic.o ABSOLUTE
    ..\..\User\imu.c                         0x00000000   Number         0  imu.o ABSOLUTE
    ..\..\User\key.c                         0x00000000   Number         0  key.o ABSOLUTE
    ..\..\User\led.c                         0x00000000   Number         0  led.o ABSOLUTE
    ..\..\User\main.c                        0x00000000   Number         0  main.o ABSOLUTE
    ..\..\User\motor.c                       0x00000000   Number         0  motor.o ABSOLUTE
    ..\..\User\mpu6050.c                     0x00000000   Number         0  mpu6050.o ABSOLUTE
    ..\..\User\mpu9250.c                     0x00000000   Number         0  mpu9250.o ABSOLUTE
    ..\..\User\new_struct.c                  0x00000000   Number         0  new_struct.o ABSOLUTE
    ..\..\User\oled.c                        0x00000000   Number         0  oled.o ABSOLUTE
    ..\..\User\openmv.c                      0x00000000   Number         0  openmv.o ABSOLUTE
    ..\..\User\steer.c                       0x00000000   Number         0  steer.o ABSOLUTE
    ..\..\User\stm32f10x_it.c                0x00000000   Number         0  stm32f10x_it.o ABSOLUTE
    ..\..\User\uart4.c                       0x00000000   Number         0  uart4.o ABSOLUTE
    ..\..\User\uart5.c                       0x00000000   Number         0  uart5.o ABSOLUTE
    ..\\..\\Libraries\\CMSIS\\core_cm3.c     0x00000000   Number         0  core_cm3.o ABSOLUTE
    MPL_LIB\mpl\accel_auto_cal.c             0x00000000   Number         0  accel_auto_cal.o ABSOLUTE
    MPL_LIB\mpl\compass_vec_cal.c            0x00000000   Number         0  compass_vec_cal.o ABSOLUTE
    MPL_LIB\mpl\fast_no_motion.c             0x00000000   Number         0  fast_no_motion.o ABSOLUTE
    MPL_LIB\mpl\fusion_9axis.c               0x00000000   Number         0  fusion_9axis.o ABSOLUTE
    MPL_LIB\mpl\gyro_tc.c                    0x00000000   Number         0  gyro_tc.o ABSOLUTE
    MPL_LIB\mpl\mag_disturb.c                0x00000000   Number         0  mag_disturb.o ABSOLUTE
    MPL_LIB\mpl\quaternion_supervisor.c      0x00000000   Number         0  quaternion_supervisor.o ABSOLUTE
    cdcmple.s                                0x00000000   Number         0  cdcmple.o ABSOLUTE
    cdrcmple.s                               0x00000000   Number         0  cdrcmple.o ABSOLUTE
    cfcmple.s                                0x00000000   Number         0  cfcmple.o ABSOLUTE
    cfrcmple.s                               0x00000000   Number         0  cfrcmple.o ABSOLUTE
    dc.s                                     0x00000000   Number         0  dc.o ABSOLUTE
    handlers.s                               0x00000000   Number         0  handlers.o ABSOLUTE
    init.s                                   0x00000000   Number         0  init.o ABSOLUTE
    RESET                                    0x08000000   Section      304  startup_stm32f10x_hd.o(RESET)
    .ARM.Collect$$$$00000000                 0x08000130   Section        0  entry.o(.ARM.Collect$$$$00000000)
    .ARM.Collect$$$$00000001                 0x08000130   Section        4  entry2.o(.ARM.Collect$$$$00000001)
    .ARM.Collect$$$$00000004                 0x08000134   Section        4  entry5.o(.ARM.Collect$$$$00000004)
    .ARM.Collect$$$$00000008                 0x08000138   Section        0  entry7b.o(.ARM.Collect$$$$00000008)
    .ARM.Collect$$$$0000000A                 0x08000138   Section        0  entry8b.o(.ARM.Collect$$$$0000000A)
    .ARM.Collect$$$$0000000B                 0x08000138   Section        8  entry9a.o(.ARM.Collect$$$$0000000B)
    .ARM.Collect$$$$0000000D                 0x08000140   Section        0  entry10a.o(.ARM.Collect$$$$0000000D)
    .ARM.Collect$$$$0000000F                 0x08000140   Section        0  entry11a.o(.ARM.Collect$$$$0000000F)
    .ARM.Collect$$$$00002712                 0x08000140   Section        4  entry2.o(.ARM.Collect$$$$00002712)
    __lit__00000000                          0x08000140   Data           4  entry2.o(.ARM.Collect$$$$00002712)
    .text                                    0x08000144   Section       36  startup_stm32f10x_hd.o(.text)
    .text                                    0x08000168   Section        0  system_stm32f10x.o(.text)
    SetSysClockTo72                          0x08000169   Thumb Code   214  system_stm32f10x.o(.text)
    SetSysClock                              0x0800023f   Thumb Code     8  system_stm32f10x.o(.text)
    .text                                    0x08000348   Section        0  misc.o(.text)
    .text                                    0x08000424   Section        0  stm32f10x_exti.o(.text)
    .text                                    0x08000540   Section        0  stm32f10x_gpio.o(.text)
    .text                                    0x0800089c   Section        0  stm32f10x_rcc.o(.text)
    .text                                    0x08000c40   Section        0  stm32f10x_tim.o(.text)
    TI4_Config                               0x080010e7   Thumb Code   130  stm32f10x_tim.o(.text)
    TI3_Config                               0x0800117b   Thumb Code   122  stm32f10x_tim.o(.text)
    TI2_Config                               0x0800120f   Thumb Code   130  stm32f10x_tim.o(.text)
    TI1_Config                               0x080012a3   Thumb Code   108  stm32f10x_tim.o(.text)
    .text                                    0x08001a5c   Section        0  stm32f10x_usart.o(.text)
    .text                                    0x08001e64   Section        0  main.o(.text)
    .text                                    0x08001f38   Section        0  stm32f10x_it.o(.text)
    .text                                    0x08001f58   Section        0  bsp_systick.o(.text)
    SysTick_Config                           0x08001f59   Thumb Code    76  bsp_systick.o(.text)
    .text                                    0x08002078   Section        0  bsp_usart.o(.text)
    NVIC_Configuration                       0x08002079   Thumb Code    38  bsp_usart.o(.text)
    .text                                    0x0800224c   Section        0  bsp_usart3.o(.text)
    NVIC_Configuration3                      0x0800224d   Thumb Code    40  bsp_usart3.o(.text)
    .text                                    0x08002420   Section        0  key.o(.text)
    NVIC_Configuration                       0x08002421   Thumb Code    96  key.o(.text)
    NVIC_EnableIRQ                           0x080028c9   Thumb Code    22  key.o(.text)
    .text                                    0x080028e0   Section        0  led.o(.text)
    .text                                    0x0800295c   Section        0  tim2.o(.text)
    TIM2_NVIC_Config                         0x0800295d   Thumb Code    40  tim2.o(.text)
    TIM2_GPIO_Config                         0x08002985   Thumb Code   118  tim2.o(.text)
    TIM2_Mode_Config                         0x080029fb   Thumb Code   152  tim2.o(.text)
    .text                                    0x08002c84   Section        0  tim3.o(.text)
    ENCODER_TIM3_GPIO_Config                 0x08002c85   Thumb Code    88  tim3.o(.text)
    TIM3_NVIC_Configuration                  0x08002cdd   Thumb Code    42  tim3.o(.text)
    ENCODER_TIM3_Configuration               0x08002d07   Thumb Code   176  tim3.o(.text)
    .text                                    0x08002e5c   Section        0  tim4.o(.text)
    .text                                    0x08003fa0   Section        0  tim6.o(.text)
    TIM6_NVIC_Config                         0x08003fa1   Thumb Code    34  tim6.o(.text)
    TIM6_Mode_Config                         0x08003fc3   Thumb Code    66  tim6.o(.text)
    .text                                    0x08004308   Section        0  oled.o(.text)
    .text                                    0x08004efc   Section        0  hongwai.o(.text)
    .text                                    0x08004f5c   Section        0  uart4.o(.text)
    NVIC_Configuration4                      0x08004f5d   Thumb Code    42  uart4.o(.text)
    .text                                    0x080050bc   Section        0  uart5.o(.text)
    NVIC_Configuration5                      0x080050bd   Thumb Code    40  uart5.o(.text)
    .text                                    0x08005568   Section        0  tim7.o(.text)
    TIM7_NVIC_Config                         0x08005569   Thumb Code    38  tim7.o(.text)
    TIM7_Mode_Config                         0x0800558f   Thumb Code    64  tim7.o(.text)
    .text                                    0x08005d04   Section        0  llshl.o(.text)
    .text                                    0x08005d22   Section        0  llsshr.o(.text)
    .text                                    0x08005d46   Section        0  dadd.o(.text)
    .text                                    0x08005e94   Section        0  dmul.o(.text)
    .text                                    0x08005f78   Section        0  ddiv.o(.text)
    .text                                    0x08006056   Section        0  dflti.o(.text)
    .text                                    0x08006078   Section        0  dfixi.o(.text)
    .text                                    0x080060b6   Section        0  f2d.o(.text)
    .text                                    0x080060dc   Section       48  cdcmple.o(.text)
    .text                                    0x0800610c   Section       48  cdrcmple.o(.text)
    .text                                    0x0800613c   Section        0  uidiv.o(.text)
    .text                                    0x08006168   Section        0  uldiv.o(.text)
    .text                                    0x080061ca   Section        0  llushr.o(.text)
    .text                                    0x080061ea   Section        0  depilogue.o(.text)
    .text                                    0x080061ea   Section        0  iusefp.o(.text)
    .text                                    0x080062a4   Section        0  dfixul.o(.text)
    .text                                    0x080062d4   Section       36  init.o(.text)
    .text                                    0x080062f8   Section        0  __dczerorl2.o(.text)
    i.__0printf                              0x08006350   Section        0  printfa.o(i.__0printf)
    i.__scatterload_copy                     0x08006370   Section       14  handlers.o(i.__scatterload_copy)
    i.__scatterload_null                     0x0800637e   Section        2  handlers.o(i.__scatterload_null)
    i.__scatterload_zeroinit                 0x08006380   Section       14  handlers.o(i.__scatterload_zeroinit)
    i._fp_digits                             0x08006390   Section        0  printfa.o(i._fp_digits)
    _fp_digits                               0x08006391   Thumb Code   366  printfa.o(i._fp_digits)
    i._printf_core                           0x08006514   Section        0  printfa.o(i._printf_core)
    _printf_core                             0x08006515   Thumb Code  1744  printfa.o(i._printf_core)
    i._printf_post_padding                   0x08006bf0   Section        0  printfa.o(i._printf_post_padding)
    _printf_post_padding                     0x08006bf1   Thumb Code    36  printfa.o(i._printf_post_padding)
    i._printf_pre_padding                    0x08006c14   Section        0  printfa.o(i._printf_pre_padding)
    _printf_pre_padding                      0x08006c15   Thumb Code    46  printfa.o(i._printf_pre_padding)
    .constdata                               0x08006c42   Section     2072  oled.o(.constdata)
    .data                                    0x20000000   Section       20  system_stm32f10x.o(.data)
    .data                                    0x20000014   Section       20  stm32f10x_rcc.o(.data)
    APBAHBPrescTable                         0x20000014   Data          16  stm32f10x_rcc.o(.data)
    ADCPrescTable                            0x20000024   Data           4  stm32f10x_rcc.o(.data)
    .data                                    0x20000028   Section       50  main.o(.data)
    .data                                    0x2000005c   Section        4  bsp_systick.o(.data)
    TimingDelay                              0x2000005c   Data           4  bsp_systick.o(.data)
    .data                                    0x20000060   Section        1  bsp_usart.o(.data)
    .data                                    0x20000064   Section       29  bsp_usart3.o(.data)
    step                                     0x20000078   Data           1  bsp_usart3.o(.data)
    buf                                      0x20000079   Data           8  bsp_usart3.o(.data)
    .data                                    0x20000084   Section        4  tim2.o(.data)
    .data                                    0x20000088   Section       16  tim3.o(.data)
    .data                                    0x20000098   Section       38  tim4.o(.data)
    sptr1                                    0x2000009c   Data           4  tim4.o(.data)
    sptr2                                    0x200000a0   Data           4  tim4.o(.data)
    sptr3                                    0x200000a4   Data           4  tim4.o(.data)
    sptr4                                    0x200000a8   Data           4  tim4.o(.data)
    .data                                    0x200000be   Section       12  tim6.o(.data)
    .data                                    0x200000ca   Section       19  uart5.o(.data)
    .data                                    0x200000e0   Section       88  tim7.o(.data)
    .data                                    0x20000138   Section        4  stdout.o(.data)
    .bss                                     0x2000013c   Section      256  bsp_usart.o(.bss)
    .bss                                     0x2000023c   Section       36  led.o(.bss)
    .bss                                     0x20000260   Section       32  tim2.o(.bss)
    .bss                                     0x20000280   Section      256  tim4.o(.bss)
    STACK                                    0x20000380   Section     1024  startup_stm32f10x_hd.o(STACK)

    Global Symbols

    Symbol Name                              Value     Ov Type        Size  Object(Section)

    BuildAttributes$$THM_ISAv4$P$D$K$B$S$PE$A:L22UL41UL21$X:L11$S22US41US21$IEEE1$IW$USESV6$~STKCKD$USESV7$~SHL$OTIME$ROPI$IEEEX$EBA8$MICROLIB$REQ8$PRES8$EABIv2 0x00000000   Number         0  anon$$obj.o ABSOLUTE
    __ARM_use_no_argv                        0x00000000   Number         0  main.o ABSOLUTE
    _printf_a                                0x00000000   Number         0  stubs.o ABSOLUTE
    _printf_c                                0x00000000   Number         0  stubs.o ABSOLUTE
    _printf_charcount                        0x00000000   Number         0  stubs.o ABSOLUTE
    _printf_d                                0x00000000   Number         0  stubs.o ABSOLUTE
    _printf_e                                0x00000000   Number         0  stubs.o ABSOLUTE
    _printf_f                                0x00000000   Number         0  stubs.o ABSOLUTE
    _printf_flags                            0x00000000   Number         0  stubs.o ABSOLUTE
    _printf_fp_dec                           0x00000000   Number         0  stubs.o ABSOLUTE
    _printf_fp_hex                           0x00000000   Number         0  stubs.o ABSOLUTE
    _printf_g                                0x00000000   Number         0  stubs.o ABSOLUTE
    _printf_i                                0x00000000   Number         0  stubs.o ABSOLUTE
    _printf_int_dec                          0x00000000   Number         0  stubs.o ABSOLUTE
    _printf_l                                0x00000000   Number         0  stubs.o ABSOLUTE
    _printf_lc                               0x00000000   Number         0  stubs.o ABSOLUTE
    _printf_ll                               0x00000000   Number         0  stubs.o ABSOLUTE
    _printf_lld                              0x00000000   Number         0  stubs.o ABSOLUTE
    _printf_lli                              0x00000000   Number         0  stubs.o ABSOLUTE
    _printf_llo                              0x00000000   Number         0  stubs.o ABSOLUTE
    _printf_llu                              0x00000000   Number         0  stubs.o ABSOLUTE
    _printf_llx                              0x00000000   Number         0  stubs.o ABSOLUTE
    _printf_longlong_dec                     0x00000000   Number         0  stubs.o ABSOLUTE
    _printf_longlong_hex                     0x00000000   Number         0  stubs.o ABSOLUTE
    _printf_longlong_oct                     0x00000000   Number         0  stubs.o ABSOLUTE
    _printf_ls                               0x00000000   Number         0  stubs.o ABSOLUTE
    _printf_mbtowc                           0x00000000   Number         0  stubs.o ABSOLUTE
    _printf_n                                0x00000000   Number         0  stubs.o ABSOLUTE
    _printf_o                                0x00000000   Number         0  stubs.o ABSOLUTE
    _printf_p                                0x00000000   Number         0  stubs.o ABSOLUTE
    _printf_percent                          0x00000000   Number         0  stubs.o ABSOLUTE
    _printf_pre_padding                      0x00000000   Number         0  stubs.o ABSOLUTE
    _printf_return_value                     0x00000000   Number         0  stubs.o ABSOLUTE
    _printf_s                                0x00000000   Number         0  stubs.o ABSOLUTE
    _printf_sizespec                         0x00000000   Number         0  stubs.o ABSOLUTE
    _printf_str                              0x00000000   Number         0  stubs.o ABSOLUTE
    _printf_truncate_signed                  0x00000000   Number         0  stubs.o ABSOLUTE
    _printf_truncate_unsigned                0x00000000   Number         0  stubs.o ABSOLUTE
    _printf_u                                0x00000000   Number         0  stubs.o ABSOLUTE
    _printf_wc                               0x00000000   Number         0  stubs.o ABSOLUTE
    _printf_wctomb                           0x00000000   Number         0  stubs.o ABSOLUTE
    _printf_widthprec                        0x00000000   Number         0  stubs.o ABSOLUTE
    _printf_x                                0x00000000   Number         0  stubs.o ABSOLUTE
    __cpp_initialize__aeabi_                  - Undefined Weak Reference
    __cxa_finalize                            - Undefined Weak Reference
    _clock_init                               - Undefined Weak Reference
    _microlib_exit                            - Undefined Weak Reference
    __Vectors_Size                           0x00000130   Number         0  startup_stm32f10x_hd.o ABSOLUTE
    __Vectors                                0x08000000   Data           4  startup_stm32f10x_hd.o(RESET)
    __Vectors_End                            0x08000130   Data           0  startup_stm32f10x_hd.o(RESET)
    __main                                   0x08000131   Thumb Code     0  entry.o(.ARM.Collect$$$$00000000)
    _main_stk                                0x08000131   Thumb Code     0  entry2.o(.ARM.Collect$$$$00000001)
    _main_scatterload                        0x08000135   Thumb Code     0  entry5.o(.ARM.Collect$$$$00000004)
    __main_after_scatterload                 0x08000139   Thumb Code     0  entry5.o(.ARM.Collect$$$$00000004)
    _main_clock                              0x08000139   Thumb Code     0  entry7b.o(.ARM.Collect$$$$00000008)
    _main_cpp_init                           0x08000139   Thumb Code     0  entry8b.o(.ARM.Collect$$$$0000000A)
    _main_init                               0x08000139   Thumb Code     0  entry9a.o(.ARM.Collect$$$$0000000B)
    __rt_final_cpp                           0x08000141   Thumb Code     0  entry10a.o(.ARM.Collect$$$$0000000D)
    __rt_final_exit                          0x08000141   Thumb Code     0  entry11a.o(.ARM.Collect$$$$0000000F)
    Reset_Handler                            0x08000145   Thumb Code     8  startup_stm32f10x_hd.o(.text)
    ADC1_2_IRQHandler                        0x0800015f   Thumb Code     0  startup_stm32f10x_hd.o(.text)
    ADC3_IRQHandler                          0x0800015f   Thumb Code     0  startup_stm32f10x_hd.o(.text)
    CAN1_RX1_IRQHandler                      0x0800015f   Thumb Code     0  startup_stm32f10x_hd.o(.text)
    CAN1_SCE_IRQHandler                      0x0800015f   Thumb Code     0  startup_stm32f10x_hd.o(.text)
    DMA1_Channel1_IRQHandler                 0x0800015f   Thumb Code     0  startup_stm32f10x_hd.o(.text)
    DMA1_Channel2_IRQHandler                 0x0800015f   Thumb Code     0  startup_stm32f10x_hd.o(.text)
    DMA1_Channel3_IRQHandler                 0x0800015f   Thumb Code     0  startup_stm32f10x_hd.o(.text)
    DMA1_Channel4_IRQHandler                 0x0800015f   Thumb Code     0  startup_stm32f10x_hd.o(.text)
    DMA1_Channel5_IRQHandler                 0x0800015f   Thumb Code     0  startup_stm32f10x_hd.o(.text)
    DMA1_Channel6_IRQHandler                 0x0800015f   Thumb Code     0  startup_stm32f10x_hd.o(.text)
    DMA1_Channel7_IRQHandler                 0x0800015f   Thumb Code     0  startup_stm32f10x_hd.o(.text)
    DMA2_Channel1_IRQHandler                 0x0800015f   Thumb Code     0  startup_stm32f10x_hd.o(.text)
    DMA2_Channel2_IRQHandler                 0x0800015f   Thumb Code     0  startup_stm32f10x_hd.o(.text)
    DMA2_Channel3_IRQHandler                 0x0800015f   Thumb Code     0  startup_stm32f10x_hd.o(.text)
    DMA2_Channel4_5_IRQHandler               0x0800015f   Thumb Code     0  startup_stm32f10x_hd.o(.text)
    EXTI0_IRQHandler                         0x0800015f   Thumb Code     0  startup_stm32f10x_hd.o(.text)
    EXTI1_IRQHandler                         0x0800015f   Thumb Code     0  startup_stm32f10x_hd.o(.text)
    EXTI2_IRQHandler                         0x0800015f   Thumb Code     0  startup_stm32f10x_hd.o(.text)
    FLASH_IRQHandler                         0x0800015f   Thumb Code     0  startup_stm32f10x_hd.o(.text)
    FSMC_IRQHandler                          0x0800015f   Thumb Code     0  startup_stm32f10x_hd.o(.text)
    I2C1_ER_IRQHandler                       0x0800015f   Thumb Code     0  startup_stm32f10x_hd.o(.text)
    I2C1_EV_IRQHandler                       0x0800015f   Thumb Code     0  startup_stm32f10x_hd.o(.text)
    I2C2_ER_IRQHandler                       0x0800015f   Thumb Code     0  startup_stm32f10x_hd.o(.text)
    I2C2_EV_IRQHandler                       0x0800015f   Thumb Code     0  startup_stm32f10x_hd.o(.text)
    PVD_IRQHandler                           0x0800015f   Thumb Code     0  startup_stm32f10x_hd.o(.text)
    RCC_IRQHandler                           0x0800015f   Thumb Code     0  startup_stm32f10x_hd.o(.text)
    RTCAlarm_IRQHandler                      0x0800015f   Thumb Code     0  startup_stm32f10x_hd.o(.text)
    RTC_IRQHandler                           0x0800015f   Thumb Code     0  startup_stm32f10x_hd.o(.text)
    SDIO_IRQHandler                          0x0800015f   Thumb Code     0  startup_stm32f10x_hd.o(.text)
    SPI1_IRQHandler                          0x0800015f   Thumb Code     0  startup_stm32f10x_hd.o(.text)
    SPI2_IRQHandler                          0x0800015f   Thumb Code     0  startup_stm32f10x_hd.o(.text)
    SPI3_IRQHandler                          0x0800015f   Thumb Code     0  startup_stm32f10x_hd.o(.text)
    TAMPER_IRQHandler                        0x0800015f   Thumb Code     0  startup_stm32f10x_hd.o(.text)
    TIM1_BRK_IRQHandler                      0x0800015f   Thumb Code     0  startup_stm32f10x_hd.o(.text)
    TIM1_CC_IRQHandler                       0x0800015f   Thumb Code     0  startup_stm32f10x_hd.o(.text)
    TIM1_TRG_COM_IRQHandler                  0x0800015f   Thumb Code     0  startup_stm32f10x_hd.o(.text)
    TIM1_UP_IRQHandler                       0x0800015f   Thumb Code     0  startup_stm32f10x_hd.o(.text)
    TIM4_IRQHandler                          0x0800015f   Thumb Code     0  startup_stm32f10x_hd.o(.text)
    TIM5_IRQHandler                          0x0800015f   Thumb Code     0  startup_stm32f10x_hd.o(.text)
    TIM8_BRK_IRQHandler                      0x0800015f   Thumb Code     0  startup_stm32f10x_hd.o(.text)
    TIM8_CC_IRQHandler                       0x0800015f   Thumb Code     0  startup_stm32f10x_hd.o(.text)
    TIM8_TRG_COM_IRQHandler                  0x0800015f   Thumb Code     0  startup_stm32f10x_hd.o(.text)
    TIM8_UP_IRQHandler                       0x0800015f   Thumb Code     0  startup_stm32f10x_hd.o(.text)
    USART2_IRQHandler                        0x0800015f   Thumb Code     0  startup_stm32f10x_hd.o(.text)
    USBWakeUp_IRQHandler                     0x0800015f   Thumb Code     0  startup_stm32f10x_hd.o(.text)
    USB_HP_CAN1_TX_IRQHandler                0x0800015f   Thumb Code     0  startup_stm32f10x_hd.o(.text)
    USB_LP_CAN1_RX0_IRQHandler               0x0800015f   Thumb Code     0  startup_stm32f10x_hd.o(.text)
    WWDG_IRQHandler                          0x0800015f   Thumb Code     0  startup_stm32f10x_hd.o(.text)
    SystemInit                               0x08000247   Thumb Code    78  system_stm32f10x.o(.text)
    SystemCoreClockUpdate                    0x08000295   Thumb Code   142  system_stm32f10x.o(.text)
    NVIC_PriorityGroupConfig                 0x08000349   Thumb Code    10  misc.o(.text)
    NVIC_Init                                0x08000353   Thumb Code   100  misc.o(.text)
    NVIC_SetVectorTable                      0x080003b7   Thumb Code    14  misc.o(.text)
    NVIC_SystemLPConfig                      0x080003c5   Thumb Code    34  misc.o(.text)
    SysTick_CLKSourceConfig                  0x080003e7   Thumb Code    40  misc.o(.text)
    EXTI_DeInit                              0x08000425   Thumb Code    28  stm32f10x_exti.o(.text)
    EXTI_Init                                0x08000441   Thumb Code   142  stm32f10x_exti.o(.text)
    EXTI_StructInit                          0x080004cf   Thumb Code    16  stm32f10x_exti.o(.text)
    EXTI_GenerateSWInterrupt                 0x080004df   Thumb Code    16  stm32f10x_exti.o(.text)
    EXTI_GetFlagStatus                       0x080004ef   Thumb Code    22  stm32f10x_exti.o(.text)
    EXTI_ClearFlag                           0x08000505   Thumb Code     8  stm32f10x_exti.o(.text)
    EXTI_GetITStatus                         0x0800050d   Thumb Code    34  stm32f10x_exti.o(.text)
    EXTI_ClearITPendingBit                   0x0800052f   Thumb Code     8  stm32f10x_exti.o(.text)
    GPIO_DeInit                              0x08000541   Thumb Code   172  stm32f10x_gpio.o(.text)
    GPIO_AFIODeInit                          0x080005ed   Thumb Code    20  stm32f10x_gpio.o(.text)
    GPIO_Init                                0x08000601   Thumb Code   278  stm32f10x_gpio.o(.text)
    GPIO_StructInit                          0x08000717   Thumb Code    16  stm32f10x_gpio.o(.text)
    GPIO_ReadInputDataBit                    0x08000727   Thumb Code    18  stm32f10x_gpio.o(.text)
    GPIO_ReadInputData                       0x08000739   Thumb Code     8  stm32f10x_gpio.o(.text)
    GPIO_ReadOutputDataBit                   0x08000741   Thumb Code    18  stm32f10x_gpio.o(.text)
    GPIO_ReadOutputData                      0x08000753   Thumb Code     8  stm32f10x_gpio.o(.text)
    GPIO_SetBits                             0x0800075b   Thumb Code     4  stm32f10x_gpio.o(.text)
    GPIO_ResetBits                           0x0800075f   Thumb Code     4  stm32f10x_gpio.o(.text)
    GPIO_WriteBit                            0x08000763   Thumb Code    10  stm32f10x_gpio.o(.text)
    GPIO_Write                               0x0800076d   Thumb Code     4  stm32f10x_gpio.o(.text)
    GPIO_PinLockConfig                       0x08000771   Thumb Code    18  stm32f10x_gpio.o(.text)
    GPIO_EventOutputConfig                   0x08000783   Thumb Code    26  stm32f10x_gpio.o(.text)
    GPIO_EventOutputCmd                      0x0800079d   Thumb Code     6  stm32f10x_gpio.o(.text)
    GPIO_PinRemapConfig                      0x080007a3   Thumb Code   138  stm32f10x_gpio.o(.text)
    GPIO_EXTILineConfig                      0x0800082d   Thumb Code    66  stm32f10x_gpio.o(.text)
    GPIO_ETH_MediaInterfaceConfig            0x0800086f   Thumb Code     8  stm32f10x_gpio.o(.text)
    RCC_DeInit                               0x0800089d   Thumb Code    64  stm32f10x_rcc.o(.text)
    RCC_HSEConfig                            0x080008dd   Thumb Code    70  stm32f10x_rcc.o(.text)
    RCC_GetFlagStatus                        0x08000923   Thumb Code    56  stm32f10x_rcc.o(.text)
    RCC_WaitForHSEStartUp                    0x0800095b   Thumb Code    56  stm32f10x_rcc.o(.text)
    RCC_AdjustHSICalibrationValue            0x08000993   Thumb Code    20  stm32f10x_rcc.o(.text)
    RCC_HSICmd                               0x080009a7   Thumb Code     6  stm32f10x_rcc.o(.text)
    RCC_PLLConfig                            0x080009ad   Thumb Code    24  stm32f10x_rcc.o(.text)
    RCC_PLLCmd                               0x080009c5   Thumb Code     6  stm32f10x_rcc.o(.text)
    RCC_SYSCLKConfig                         0x080009cb   Thumb Code    18  stm32f10x_rcc.o(.text)
    RCC_GetSYSCLKSource                      0x080009dd   Thumb Code    10  stm32f10x_rcc.o(.text)
    RCC_HCLKConfig                           0x080009e7   Thumb Code    18  stm32f10x_rcc.o(.text)
    RCC_PCLK1Config                          0x080009f9   Thumb Code    18  stm32f10x_rcc.o(.text)
    RCC_PCLK2Config                          0x08000a0b   Thumb Code    20  stm32f10x_rcc.o(.text)
    RCC_ITConfig                             0x08000a1f   Thumb Code    26  stm32f10x_rcc.o(.text)
    RCC_USBCLKConfig                         0x08000a39   Thumb Code     8  stm32f10x_rcc.o(.text)
    RCC_ADCCLKConfig                         0x08000a41   Thumb Code    18  stm32f10x_rcc.o(.text)
    RCC_LSEConfig                            0x08000a53   Thumb Code    50  stm32f10x_rcc.o(.text)
    RCC_LSICmd                               0x08000a85   Thumb Code     6  stm32f10x_rcc.o(.text)
    RCC_RTCCLKConfig                         0x08000a8b   Thumb Code    12  stm32f10x_rcc.o(.text)
    RCC_RTCCLKCmd                            0x08000a97   Thumb Code     8  stm32f10x_rcc.o(.text)
    RCC_GetClocksFreq                        0x08000a9f   Thumb Code   192  stm32f10x_rcc.o(.text)
    RCC_AHBPeriphClockCmd                    0x08000b5f   Thumb Code    26  stm32f10x_rcc.o(.text)
    RCC_APB2PeriphClockCmd                   0x08000b79   Thumb Code    26  stm32f10x_rcc.o(.text)
    RCC_APB1PeriphClockCmd                   0x08000b93   Thumb Code    26  stm32f10x_rcc.o(.text)
    RCC_APB2PeriphResetCmd                   0x08000bad   Thumb Code    26  stm32f10x_rcc.o(.text)
    RCC_APB1PeriphResetCmd                   0x08000bc7   Thumb Code    26  stm32f10x_rcc.o(.text)
    RCC_BackupResetCmd                       0x08000be1   Thumb Code     8  stm32f10x_rcc.o(.text)
    RCC_ClockSecuritySystemCmd               0x08000be9   Thumb Code     6  stm32f10x_rcc.o(.text)
    RCC_MCOConfig                            0x08000bef   Thumb Code     6  stm32f10x_rcc.o(.text)
    RCC_ClearFlag                            0x08000bf5   Thumb Code    14  stm32f10x_rcc.o(.text)
    RCC_GetITStatus                          0x08000c03   Thumb Code    20  stm32f10x_rcc.o(.text)
    RCC_ClearITPendingBit                    0x08000c17   Thumb Code     6  stm32f10x_rcc.o(.text)
    TIM_DeInit                               0x08000c41   Thumb Code   424  stm32f10x_tim.o(.text)
    TIM_TimeBaseInit                         0x08000de9   Thumb Code   122  stm32f10x_tim.o(.text)
    TIM_OC1Init                              0x08000e63   Thumb Code   132  stm32f10x_tim.o(.text)
    TIM_OC2Init                              0x08000ee7   Thumb Code   154  stm32f10x_tim.o(.text)
    TIM_OC3Init                              0x08000f81   Thumb Code   150  stm32f10x_tim.o(.text)
    TIM_OC4Init                              0x08001017   Thumb Code   182  stm32f10x_tim.o(.text)
    TIM_SetIC4Prescaler                      0x080010cd   Thumb Code    26  stm32f10x_tim.o(.text)
    TIM_SetIC3Prescaler                      0x08001169   Thumb Code    18  stm32f10x_tim.o(.text)
    TIM_SetIC2Prescaler                      0x080011f5   Thumb Code    26  stm32f10x_tim.o(.text)
    TIM_SetIC1Prescaler                      0x08001291   Thumb Code    18  stm32f10x_tim.o(.text)
    TIM_ICInit                               0x0800130f   Thumb Code   150  stm32f10x_tim.o(.text)
    TIM_PWMIConfig                           0x080013a5   Thumb Code   124  stm32f10x_tim.o(.text)
    TIM_BDTRConfig                           0x08001421   Thumb Code    32  stm32f10x_tim.o(.text)
    TIM_TimeBaseStructInit                   0x08001441   Thumb Code    18  stm32f10x_tim.o(.text)
    TIM_OCStructInit                         0x08001453   Thumb Code    20  stm32f10x_tim.o(.text)
    TIM_ICStructInit                         0x08001467   Thumb Code    18  stm32f10x_tim.o(.text)
    TIM_BDTRStructInit                       0x08001479   Thumb Code    40  stm32f10x_tim.o(.text)
    TIM_Cmd                                  0x080014a1   Thumb Code    24  stm32f10x_tim.o(.text)
    TIM_CtrlPWMOutputs                       0x080014b9   Thumb Code    30  stm32f10x_tim.o(.text)
    TIM_ITConfig                             0x080014d7   Thumb Code    18  stm32f10x_tim.o(.text)
    TIM_GenerateEvent                        0x080014e9   Thumb Code     4  stm32f10x_tim.o(.text)
    TIM_DMAConfig                            0x080014ed   Thumb Code    10  stm32f10x_tim.o(.text)
    TIM_DMACmd                               0x080014f7   Thumb Code    18  stm32f10x_tim.o(.text)
    TIM_InternalClockConfig                  0x08001509   Thumb Code    12  stm32f10x_tim.o(.text)
    TIM_SelectInputTrigger                   0x08001515   Thumb Code    18  stm32f10x_tim.o(.text)
    TIM_ITRxExternalClockConfig              0x08001527   Thumb Code    24  stm32f10x_tim.o(.text)
    TIM_TIxExternalClockConfig               0x0800153f   Thumb Code    62  stm32f10x_tim.o(.text)
    TIM_ETRConfig                            0x0800157d   Thumb Code    28  stm32f10x_tim.o(.text)
    TIM_ETRClockMode1Config                  0x08001599   Thumb Code    54  stm32f10x_tim.o(.text)
    TIM_ETRClockMode2Config                  0x080015cf   Thumb Code    32  stm32f10x_tim.o(.text)
    TIM_PrescalerConfig                      0x080015ef   Thumb Code     6  stm32f10x_tim.o(.text)
    TIM_CounterModeConfig                    0x080015f5   Thumb Code    18  stm32f10x_tim.o(.text)
    TIM_EncoderInterfaceConfig               0x08001607   Thumb Code    66  stm32f10x_tim.o(.text)
    TIM_ForcedOC1Config                      0x08001649   Thumb Code    18  stm32f10x_tim.o(.text)
    TIM_ForcedOC2Config                      0x0800165b   Thumb Code    26  stm32f10x_tim.o(.text)
    TIM_ForcedOC3Config                      0x08001675   Thumb Code    18  stm32f10x_tim.o(.text)
    TIM_ForcedOC4Config                      0x08001687   Thumb Code    26  stm32f10x_tim.o(.text)
    TIM_ARRPreloadConfig                     0x080016a1   Thumb Code    24  stm32f10x_tim.o(.text)
    TIM_SelectCOM                            0x080016b9   Thumb Code    24  stm32f10x_tim.o(.text)
    TIM_SelectCCDMA                          0x080016d1   Thumb Code    24  stm32f10x_tim.o(.text)
    TIM_CCPreloadControl                     0x080016e9   Thumb Code    24  stm32f10x_tim.o(.text)
    TIM_OC1PreloadConfig                     0x08001701   Thumb Code    18  stm32f10x_tim.o(.text)
    TIM_OC2PreloadConfig                     0x08001713   Thumb Code    26  stm32f10x_tim.o(.text)
    TIM_OC3PreloadConfig                     0x0800172d   Thumb Code    18  stm32f10x_tim.o(.text)
    TIM_OC4PreloadConfig                     0x0800173f   Thumb Code    26  stm32f10x_tim.o(.text)
    TIM_OC1FastConfig                        0x08001759   Thumb Code    18  stm32f10x_tim.o(.text)
    TIM_OC2FastConfig                        0x0800176b   Thumb Code    26  stm32f10x_tim.o(.text)
    TIM_OC3FastConfig                        0x08001785   Thumb Code    18  stm32f10x_tim.o(.text)
    TIM_OC4FastConfig                        0x08001797   Thumb Code    26  stm32f10x_tim.o(.text)
    TIM_ClearOC1Ref                          0x080017b1   Thumb Code    18  stm32f10x_tim.o(.text)
    TIM_ClearOC2Ref                          0x080017c3   Thumb Code    24  stm32f10x_tim.o(.text)
    TIM_ClearOC3Ref                          0x080017db   Thumb Code    18  stm32f10x_tim.o(.text)
    TIM_ClearOC4Ref                          0x080017ed   Thumb Code    24  stm32f10x_tim.o(.text)
    TIM_OC1PolarityConfig                    0x08001805   Thumb Code    18  stm32f10x_tim.o(.text)
    TIM_OC1NPolarityConfig                   0x08001817   Thumb Code    18  stm32f10x_tim.o(.text)
    TIM_OC2PolarityConfig                    0x08001829   Thumb Code    26  stm32f10x_tim.o(.text)
    TIM_OC2NPolarityConfig                   0x08001843   Thumb Code    26  stm32f10x_tim.o(.text)
    TIM_OC3PolarityConfig                    0x0800185d   Thumb Code    26  stm32f10x_tim.o(.text)
    TIM_OC3NPolarityConfig                   0x08001877   Thumb Code    26  stm32f10x_tim.o(.text)
    TIM_OC4PolarityConfig                    0x08001891   Thumb Code    26  stm32f10x_tim.o(.text)
    TIM_CCxCmd                               0x080018ab   Thumb Code    30  stm32f10x_tim.o(.text)
    TIM_CCxNCmd                              0x080018c9   Thumb Code    30  stm32f10x_tim.o(.text)
    TIM_SelectOCxM                           0x080018e7   Thumb Code    82  stm32f10x_tim.o(.text)
    TIM_UpdateDisableConfig                  0x08001939   Thumb Code    24  stm32f10x_tim.o(.text)
    TIM_UpdateRequestConfig                  0x08001951   Thumb Code    24  stm32f10x_tim.o(.text)
    TIM_SelectHallSensor                     0x08001969   Thumb Code    24  stm32f10x_tim.o(.text)
    TIM_SelectOnePulseMode                   0x08001981   Thumb Code    18  stm32f10x_tim.o(.text)
    TIM_SelectOutputTrigger                  0x08001993   Thumb Code    18  stm32f10x_tim.o(.text)
    TIM_SelectSlaveMode                      0x080019a5   Thumb Code    18  stm32f10x_tim.o(.text)
    TIM_SelectMasterSlaveMode                0x080019b7   Thumb Code    18  stm32f10x_tim.o(.text)
    TIM_SetCounter                           0x080019c9   Thumb Code     4  stm32f10x_tim.o(.text)
    TIM_SetAutoreload                        0x080019cd   Thumb Code     4  stm32f10x_tim.o(.text)
    TIM_SetCompare1                          0x080019d1   Thumb Code     4  stm32f10x_tim.o(.text)
    TIM_SetCompare2                          0x080019d5   Thumb Code     4  stm32f10x_tim.o(.text)
    TIM_SetCompare3                          0x080019d9   Thumb Code     4  stm32f10x_tim.o(.text)
    TIM_SetCompare4                          0x080019dd   Thumb Code     6  stm32f10x_tim.o(.text)
    TIM_SetClockDivision                     0x080019e3   Thumb Code    18  stm32f10x_tim.o(.text)
    TIM_GetCapture1                          0x080019f5   Thumb Code     6  stm32f10x_tim.o(.text)
    TIM_GetCapture2                          0x080019fb   Thumb Code     6  stm32f10x_tim.o(.text)
    TIM_GetCapture3                          0x08001a01   Thumb Code     6  stm32f10x_tim.o(.text)
    TIM_GetCapture4                          0x08001a07   Thumb Code     8  stm32f10x_tim.o(.text)
    TIM_GetCounter                           0x08001a0f   Thumb Code     6  stm32f10x_tim.o(.text)
    TIM_GetPrescaler                         0x08001a15   Thumb Code     6  stm32f10x_tim.o(.text)
    TIM_GetFlagStatus                        0x08001a1b   Thumb Code    18  stm32f10x_tim.o(.text)
    TIM_ClearFlag                            0x08001a2d   Thumb Code     6  stm32f10x_tim.o(.text)
    TIM_GetITStatus                          0x08001a33   Thumb Code    34  stm32f10x_tim.o(.text)
    TIM_ClearITPendingBit                    0x08001a55   Thumb Code     6  stm32f10x_tim.o(.text)
    USART_DeInit                             0x08001a5d   Thumb Code   134  stm32f10x_usart.o(.text)
    USART_Init                               0x08001ae3   Thumb Code   210  stm32f10x_usart.o(.text)
    USART_StructInit                         0x08001bb5   Thumb Code    24  stm32f10x_usart.o(.text)
    USART_ClockInit                          0x08001bcd   Thumb Code    34  stm32f10x_usart.o(.text)
    USART_ClockStructInit                    0x08001bef   Thumb Code    12  stm32f10x_usart.o(.text)
    USART_Cmd                                0x08001bfb   Thumb Code    24  stm32f10x_usart.o(.text)
    USART_ITConfig                           0x08001c13   Thumb Code    74  stm32f10x_usart.o(.text)
    USART_DMACmd                             0x08001c5d   Thumb Code    18  stm32f10x_usart.o(.text)
    USART_SetAddress                         0x08001c6f   Thumb Code    18  stm32f10x_usart.o(.text)
    USART_WakeUpConfig                       0x08001c81   Thumb Code    18  stm32f10x_usart.o(.text)
    USART_ReceiverWakeUpCmd                  0x08001c93   Thumb Code    24  stm32f10x_usart.o(.text)
    USART_LINBreakDetectLengthConfig         0x08001cab   Thumb Code    18  stm32f10x_usart.o(.text)
    USART_LINCmd                             0x08001cbd   Thumb Code    24  stm32f10x_usart.o(.text)
    USART_SendData                           0x08001cd5   Thumb Code     8  stm32f10x_usart.o(.text)
    USART_ReceiveData                        0x08001cdd   Thumb Code    10  stm32f10x_usart.o(.text)
    USART_SendBreak                          0x08001ce7   Thumb Code    10  stm32f10x_usart.o(.text)
    USART_SetGuardTime                       0x08001cf1   Thumb Code    16  stm32f10x_usart.o(.text)
    USART_SetPrescaler                       0x08001d01   Thumb Code    16  stm32f10x_usart.o(.text)
    USART_SmartCardCmd                       0x08001d11   Thumb Code    24  stm32f10x_usart.o(.text)
    USART_SmartCardNACKCmd                   0x08001d29   Thumb Code    24  stm32f10x_usart.o(.text)
    USART_HalfDuplexCmd                      0x08001d41   Thumb Code    24  stm32f10x_usart.o(.text)
    USART_OverSampling8Cmd                   0x08001d59   Thumb Code    22  stm32f10x_usart.o(.text)
    USART_OneBitMethodCmd                    0x08001d6f   Thumb Code    24  stm32f10x_usart.o(.text)
    USART_IrDAConfig                         0x08001d87   Thumb Code    18  stm32f10x_usart.o(.text)
    USART_IrDACmd                            0x08001d99   Thumb Code    24  stm32f10x_usart.o(.text)
    USART_GetFlagStatus                      0x08001db1   Thumb Code    26  stm32f10x_usart.o(.text)
    USART_ClearFlag                          0x08001dcb   Thumb Code    18  stm32f10x_usart.o(.text)
    USART_GetITStatus                        0x08001ddd   Thumb Code    84  stm32f10x_usart.o(.text)
    USART_ClearITPendingBit                  0x08001e31   Thumb Code    52  stm32f10x_usart.o(.text)
    main                                     0x08001e65   Thumb Code   130  main.o(.text)
    NMI_Handler                              0x08001f39   Thumb Code     2  stm32f10x_it.o(.text)
    HardFault_Handler                        0x08001f3b   Thumb Code     4  stm32f10x_it.o(.text)
    MemManage_Handler                        0x08001f3f   Thumb Code     4  stm32f10x_it.o(.text)
    BusFault_Handler                         0x08001f43   Thumb Code     4  stm32f10x_it.o(.text)
    UsageFault_Handler                       0x08001f47   Thumb Code     4  stm32f10x_it.o(.text)
    SVC_Handler                              0x08001f4b   Thumb Code     2  stm32f10x_it.o(.text)
    DebugMon_Handler                         0x08001f4d   Thumb Code     2  stm32f10x_it.o(.text)
    PendSV_Handler                           0x08001f4f   Thumb Code     2  stm32f10x_it.o(.text)
    SysTick_Handler                          0x08001f51   Thumb Code     8  stm32f10x_it.o(.text)
    SysTick_Init                             0x08001fa5   Thumb Code    26  bsp_systick.o(.text)
    Delay_us                                 0x08001fbf   Thumb Code    18  bsp_systick.o(.text)
    TimingDelay_Decrement                    0x08001fd1   Thumb Code    18  bsp_systick.o(.text)
    SysTick_Delay_Us                         0x08001fe3   Thumb Code    64  bsp_systick.o(.text)
    SysTick_Delay_Ms                         0x08002023   Thumb Code    66  bsp_systick.o(.text)
    USART_Config                             0x0800209f   Thumb Code   136  bsp_usart.o(.text)
    Usart_SendByte                           0x08002127   Thumb Code    30  bsp_usart.o(.text)
    Usart_SendArray                          0x08002145   Thumb Code    48  bsp_usart.o(.text)
    Usart_SendString                         0x08002175   Thumb Code    42  bsp_usart.o(.text)
    Usart_SendHalfWord                       0x0800219f   Thumb Code    60  bsp_usart.o(.text)
    uart_FlushRxBuffer                       0x080021db   Thumb Code    16  bsp_usart.o(.text)
    fputc                                    0x080021eb   Thumb Code    32  bsp_usart.o(.text)
    fgetc                                    0x0800220b   Thumb Code    26  bsp_usart.o(.text)
    USART1_IRQHandler                        0x08002225   Thumb Code    24  bsp_usart.o(.text)
    USART_Config3                            0x08002275   Thumb Code   136  bsp_usart3.o(.text)
    USART3_IRQHandler                        0x080022fd   Thumb Code   270  bsp_usart3.o(.text)
    key_init                                 0x08002481   Thumb Code   418  key.o(.text)
    EXTI3_IRQHandler                         0x08002623   Thumb Code    90  key.o(.text)
    EXTI4_IRQHandler                         0x0800267d   Thumb Code    90  key.o(.text)
    EXTI9_5_IRQHandler                       0x080026d7   Thumb Code    84  key.o(.text)
    EXTI15_10_IRQHandler                     0x0800272b   Thumb Code   414  key.o(.text)
    led_init                                 0x080028e1   Thumb Code   106  led.o(.text)
    TIM2_Init                                0x08002a93   Thumb Code    16  tim2.o(.text)
    TIM2_IRQHandler                          0x08002aa3   Thumb Code   222  tim2.o(.text)
    CSB3                                     0x08002b81   Thumb Code   100  tim2.o(.text)
    CSB4                                     0x08002be5   Thumb Code    82  tim2.o(.text)
    TIM3_Init                                0x08002db7   Thumb Code    12  tim3.o(.text)
    TIM3_IRQHandler                          0x08002dc3   Thumb Code   124  tim3.o(.text)
    IncPIDInit                               0x08002e5d   Thumb Code   388  tim4.o(.text)
    TIM4_SetPWM_Num                          0x08002fe1   Thumb Code    56  tim4.o(.text)
    pid_calculation1                         0x08003019   Thumb Code   238  tim4.o(.text)
    pid_calculation2                         0x08003107   Thumb Code   238  tim4.o(.text)
    pid_calculation3                         0x080031f5   Thumb Code   262  tim4.o(.text)
    pid_calculation4                         0x080032fb   Thumb Code   232  tim4.o(.text)
    TIM4_NVIC_Config                         0x080033e3   Thumb Code    44  tim4.o(.text)
    TIM4_Mode_Config                         0x0800340f   Thumb Code   340  tim4.o(.text)
    TIM4_Init                                0x08003563   Thumb Code     8  tim4.o(.text)
    Stop_it                                  0x0800356b   Thumb Code    36  tim4.o(.text)
    range_protect                            0x0800358f   Thumb Code    22  tim4.o(.text)
    correct_pid4                             0x080035a5   Thumb Code   186  tim4.o(.text)
    correct_pid2                             0x0800365f   Thumb Code   186  tim4.o(.text)
    forward                                  0x08003719   Thumb Code    70  tim4.o(.text)
    backward                                 0x0800375f   Thumb Code    70  tim4.o(.text)
    correct_pid3                             0x080037a5   Thumb Code   250  tim4.o(.text)
    correct_pid1                             0x0800389f   Thumb Code   186  tim4.o(.text)
    leftward                                 0x08003959   Thumb Code    72  tim4.o(.text)
    rightward                                0x080039a1   Thumb Code    72  tim4.o(.text)
    forward1                                 0x080039e9   Thumb Code    42  tim4.o(.text)
    backward1                                0x08003a13   Thumb Code    42  tim4.o(.text)
    leftward1                                0x08003a3d   Thumb Code    42  tim4.o(.text)
    rightward1                               0x08003a67   Thumb Code    42  tim4.o(.text)
    Forword_test                             0x08003a91   Thumb Code    90  tim4.o(.text)
    Backword_test                            0x08003aeb   Thumb Code    90  tim4.o(.text)
    Forword_M                                0x08003b45   Thumb Code    98  tim4.o(.text)
    Forword_L1                               0x08003ba7   Thumb Code   202  tim4.o(.text)
    Forword_L2                               0x08003c71   Thumb Code   130  tim4.o(.text)
    Forword_L3                               0x08003cf3   Thumb Code   130  tim4.o(.text)
    Forword_R1                               0x08003d75   Thumb Code   130  tim4.o(.text)
    Forword_R2                               0x08003df7   Thumb Code   130  tim4.o(.text)
    Forword_R3                               0x08003e79   Thumb Code   130  tim4.o(.text)
    YHT                                      0x08003efb   Thumb Code   130  tim4.o(.text)
    TIM6_Init                                0x08004005   Thumb Code    12  tim6.o(.text)
    oled_hongwai                             0x08004011   Thumb Code   488  tim6.o(.text)
    TIM6_IRQHandler                          0x080041f9   Thumb Code   156  tim6.o(.text)
    OLEDIIC_Start                            0x08004309   Thumb Code    44  oled.o(.text)
    OLEDIIC_Start1                           0x08004335   Thumb Code    44  oled.o(.text)
    OLEDIIC_Stop                             0x08004361   Thumb Code    34  oled.o(.text)
    OLEDIIC_Stop1                            0x08004383   Thumb Code    34  oled.o(.text)
    OLEDIIC_Wait_Ack                         0x080043a5   Thumb Code    24  oled.o(.text)
    OLEDIIC_Wait_Ack1                        0x080043bd   Thumb Code    24  oled.o(.text)
    OLEDWrite_IIC_Byte                       0x080043d5   Thumb Code    88  oled.o(.text)
    OLEDWrite_IIC_Byte1                      0x0800442d   Thumb Code    88  oled.o(.text)
    OLEDWrite_IIC_Command                    0x08004485   Thumb Code    44  oled.o(.text)
    OLEDWrite_IIC_Command1                   0x080044b1   Thumb Code    44  oled.o(.text)
    OLEDWrite_IIC_Data                       0x080044dd   Thumb Code    44  oled.o(.text)
    OLEDWrite_IIC_Data1                      0x08004509   Thumb Code    44  oled.o(.text)
    OLED_WR_Byte                             0x08004535   Thumb Code    24  oled.o(.text)
    OLED_WR_Byte1                            0x0800454d   Thumb Code    24  oled.o(.text)
    fill_picture                             0x08004565   Thumb Code    64  oled.o(.text)
    fill_picture1                            0x080045a5   Thumb Code    64  oled.o(.text)
    Delay_50ms                               0x080045e5   Thumb Code    22  oled.o(.text)
    Delay_1ms                                0x080045fb   Thumb Code    26  oled.o(.text)
    OLED_Set_Pos                             0x08004615   Thumb Code    40  oled.o(.text)
    OLED_Set_Pos1                            0x0800463d   Thumb Code    40  oled.o(.text)
    OLED_Display_On                          0x08004665   Thumb Code    28  oled.o(.text)
    OLED_Display_On1                         0x08004681   Thumb Code    28  oled.o(.text)
    OLED_Display_Off                         0x0800469d   Thumb Code    28  oled.o(.text)
    OLED_Display_Off1                        0x080046b9   Thumb Code    28  oled.o(.text)
    OLED_Clear                               0x080046d5   Thumb Code    66  oled.o(.text)
    OLED_Clear1                              0x08004717   Thumb Code    62  oled.o(.text)
    OLED_ClearBlue                           0x08004755   Thumb Code    62  oled.o(.text)
    OLED_ClearBlue1                          0x08004793   Thumb Code    62  oled.o(.text)
    OLED_ClearLine                           0x080047d1   Thumb Code    52  oled.o(.text)
    OLED_ClearLine1                          0x08004805   Thumb Code    52  oled.o(.text)
    OLED_On                                  0x08004839   Thumb Code    62  oled.o(.text)
    OLED_On1                                 0x08004877   Thumb Code    62  oled.o(.text)
    OLED_ShowChar                            0x080048b5   Thumb Code   154  oled.o(.text)
    OLED_ShowChar1                           0x0800494f   Thumb Code   154  oled.o(.text)
    oled_pow                                 0x080049e9   Thumb Code    22  oled.o(.text)
    oled_pow1                                0x080049ff   Thumb Code    22  oled.o(.text)
    OLED_ShowNum                             0x08004a15   Thumb Code   122  oled.o(.text)
    OLED_ShowNum1                            0x08004a8f   Thumb Code   122  oled.o(.text)
    OLED_ShowString                          0x08004b09   Thumb Code    58  oled.o(.text)
    OLED_ShowString1                         0x08004b43   Thumb Code    58  oled.o(.text)
    OLED_ShowCHinese                         0x08004b7d   Thumb Code    86  oled.o(.text)
    OLED_ShowCHinese7x7                      0x08004bd3   Thumb Code    86  oled.o(.text)
    OLED_ShowCHineseString                   0x08004c29   Thumb Code    44  oled.o(.text)
    OLED_DrawBMP                             0x08004c55   Thumb Code   128  oled.o(.text)
    OLED_Init                                0x08004cd5   Thumb Code   272  oled.o(.text)
    OLED_Init1                               0x08004de5   Thumb Code   272  oled.o(.text)
    hongwai_init                             0x08004efd   Thumb Code    84  hongwai.o(.text)
    UART_Config4                             0x08004f87   Thumb Code   136  uart4.o(.text)
    UART4_IRQHandler                         0x0800500f   Thumb Code   156  uart4.o(.text)
    UART_Config5                             0x080050e5   Thumb Code   140  uart5.o(.text)
    UART5_IRQHandler                         0x08005171   Thumb Code   616  uart5.o(.text)
    Color_judgement                          0x080053d9   Thumb Code   388  uart5.o(.text)
    TIM7_Init                                0x080055cf   Thumb Code    12  tim7.o(.text)
    TIM7_IRQHandler                          0x080055db   Thumb Code  1760  tim7.o(.text)
    __aeabi_llsl                             0x08005d05   Thumb Code    30  llshl.o(.text)
    _ll_shift_l                              0x08005d05   Thumb Code     0  llshl.o(.text)
    __aeabi_lasr                             0x08005d23   Thumb Code    36  llsshr.o(.text)
    _ll_sshift_r                             0x08005d23   Thumb Code     0  llsshr.o(.text)
    __aeabi_dadd                             0x08005d47   Thumb Code   322  dadd.o(.text)
    __aeabi_dsub                             0x08005e89   Thumb Code     6  dadd.o(.text)
    __aeabi_drsub                            0x08005e8f   Thumb Code     6  dadd.o(.text)
    __aeabi_dmul                             0x08005e95   Thumb Code   228  dmul.o(.text)
    __aeabi_ddiv                             0x08005f79   Thumb Code   222  ddiv.o(.text)
    __aeabi_i2d                              0x08006057   Thumb Code    34  dflti.o(.text)
    __aeabi_d2iz                             0x08006079   Thumb Code    62  dfixi.o(.text)
    __aeabi_f2d                              0x080060b7   Thumb Code    38  f2d.o(.text)
    __aeabi_cdcmpeq                          0x080060dd   Thumb Code     0  cdcmple.o(.text)
    __aeabi_cdcmple                          0x080060dd   Thumb Code    48  cdcmple.o(.text)
    __aeabi_cdrcmple                         0x0800610d   Thumb Code    48  cdrcmple.o(.text)
    __aeabi_uidiv                            0x0800613d   Thumb Code     0  uidiv.o(.text)
    __aeabi_uidivmod                         0x0800613d   Thumb Code    44  uidiv.o(.text)
    __aeabi_uldivmod                         0x08006169   Thumb Code    98  uldiv.o(.text)
    __aeabi_llsr                             0x080061cb   Thumb Code    32  llushr.o(.text)
    _ll_ushift_r                             0x080061cb   Thumb Code     0  llushr.o(.text)
    __I$use$fp                               0x080061eb   Thumb Code     0  iusefp.o(.text)
    _double_round                            0x080061eb   Thumb Code    30  depilogue.o(.text)
    _double_epilogue                         0x08006209   Thumb Code   156  depilogue.o(.text)
    __aeabi_d2ulz                            0x080062a5   Thumb Code    48  dfixul.o(.text)
    __scatterload                            0x080062d5   Thumb Code    28  init.o(.text)
    __scatterload_rt2                        0x080062d5   Thumb Code     0  init.o(.text)
    __decompress                             0x080062f9   Thumb Code     0  __dczerorl2.o(.text)
    __decompress1                            0x080062f9   Thumb Code    86  __dczerorl2.o(.text)
    __0printf                                0x08006351   Thumb Code    22  printfa.o(i.__0printf)
    __1printf                                0x08006351   Thumb Code     0  printfa.o(i.__0printf)
    __2printf                                0x08006351   Thumb Code     0  printfa.o(i.__0printf)
    __c89printf                              0x08006351   Thumb Code     0  printfa.o(i.__0printf)
    printf                                   0x08006351   Thumb Code     0  printfa.o(i.__0printf)
    __scatterload_copy                       0x08006371   Thumb Code    14  handlers.o(i.__scatterload_copy)
    __scatterload_null                       0x0800637f   Thumb Code     2  handlers.o(i.__scatterload_null)
    __scatterload_zeroinit                   0x08006381   Thumb Code    14  handlers.o(i.__scatterload_zeroinit)
    F6x8                                     0x08006c42   Data         552  oled.o(.constdata)
    F8X16                                    0x08006e6a   Data        1520  oled.o(.constdata)
    Region$$Table$$Base                      0x0800745c   Number         0  anon$$obj.o(Region$$Table)
    Region$$Table$$Limit                     0x0800747c   Number         0  anon$$obj.o(Region$$Table)
    SystemCoreClock                          0x20000000   Data           4  system_stm32f10x.o(.data)
    AHBPrescTable                            0x20000004   Data          16  system_stm32f10x.o(.data)
    tim1ch1                                  0x20000028   Data           2  main.o(.data)
    tim1ch4                                  0x2000002a   Data           2  main.o(.data)
    tim8ch1                                  0x2000002c   Data           2  main.o(.data)
    tim8ch2                                  0x2000002e   Data           2  main.o(.data)
    uart5_angle                              0x20000030   Data           8  main.o(.data)
    angleoffset                              0x20000038   Data           8  main.o(.data)
    pitch                                    0x20000040   Data           4  main.o(.data)
    roll                                     0x20000044   Data           4  main.o(.data)
    yaw                                      0x20000048   Data           4  main.o(.data)
    yaww_offset                              0x2000004c   Data           4  main.o(.data)
    yaww                                     0x20000050   Data           4  main.o(.data)
    flag_mid                                 0x20000054   Data           1  main.o(.data)
    flag_right                               0x20000055   Data           1  main.o(.data)
    flag_code                                0x20000056   Data           1  main.o(.data)
    code_count                               0x20000057   Data           1  main.o(.data)
    JG_distance                              0x20000058   Data           2  main.o(.data)
    UART_RxPtr                               0x20000060   Data           1  bsp_usart.o(.data)
    UART_RxPtr3                              0x20000064   Data           1  bsp_usart3.o(.data)
    rxtx_mode                                0x20000065   Data           1  bsp_usart3.o(.data)
    xx                                       0x20000068   Data           4  bsp_usart3.o(.data)
    yy                                       0x2000006c   Data           4  bsp_usart3.o(.data)
    ii                                       0x20000070   Data           4  bsp_usart3.o(.data)
    jj                                       0x20000074   Data           4  bsp_usart3.o(.data)
    TIM_PscCLK                               0x20000084   Data           4  tim2.o(.data)
    CaptureNumberA1                          0x20000088   Data           4  tim3.o(.data)
    CaptureNumberA2                          0x2000008c   Data           4  tim3.o(.data)
    CaptureNumberB1                          0x20000090   Data           4  tim3.o(.data)
    CaptureNumberB2                          0x20000094   Data           4  tim3.o(.data)
    MotorSpeed                               0x20000098   Data           4  tim4.o(.data)
    quanju_x                                 0x200000ac   Data           4  tim4.o(.data)
    quanju_y                                 0x200000b0   Data           4  tim4.o(.data)
    pp_data                                  0x200000b4   Data           1  tim4.o(.data)
    Speed_mid                                0x200000b6   Data           2  tim4.o(.data)
    Offset1                                  0x200000b8   Data           2  tim4.o(.data)
    Offset2                                  0x200000ba   Data           2  tim4.o(.data)
    Offset3                                  0x200000bc   Data           2  tim4.o(.data)
    motor_mode                               0x200000be   Data           1  tim6.o(.data)
    G2_In                                    0x200000bf   Data           1  tim6.o(.data)
    G3_In                                    0x200000c0   Data           1  tim6.o(.data)
    G4_In                                    0x200000c1   Data           1  tim6.o(.data)
    G5_In                                    0x200000c2   Data           1  tim6.o(.data)
    F0_In                                    0x200000c3   Data           1  tim6.o(.data)
    F1_In                                    0x200000c4   Data           1  tim6.o(.data)
    F2_In                                    0x200000c5   Data           1  tim6.o(.data)
    F3_In                                    0x200000c6   Data           1  tim6.o(.data)
    Flag_500ms                               0x200000c8   Data           2  tim6.o(.data)
    uart5_receice                            0x200000ca   Data           8  uart5.o(.data)
    uart5_mode                               0x200000d2   Data           1  uart5.o(.data)
    uart5_count                              0x200000d3   Data           1  uart5.o(.data)
    qd_code                                  0x200000d4   Data           2  uart5.o(.data)
    order_1                                  0x200000d6   Data           1  uart5.o(.data)
    order_2                                  0x200000d7   Data           1  uart5.o(.data)
    color_mid                                0x200000d8   Data           1  uart5.o(.data)
    color_right                              0x200000d9   Data           1  uart5.o(.data)
    color_mode                               0x200000da   Data           2  uart5.o(.data)
    color_shunjian                           0x200000dc   Data           1  uart5.o(.data)
    TIM7_10us_Count                          0x200000e0   Data           2  tim7.o(.data)
    TIM7_1ms                                 0x200000e2   Data           2  tim7.o(.data)
    TIM7_500ms                               0x200000e4   Data           2  tim7.o(.data)
    TIM7_1s                                  0x200000e6   Data           2  tim7.o(.data)
    TIM7_1min                                0x200000e8   Data           2  tim7.o(.data)
    TIM7_100ms                               0x200000ec   Data           4  tim7.o(.data)
    JS                                       0x200000f0   Data           1  tim7.o(.data)
    JS_count                                 0x200000f1   Data           1  tim7.o(.data)
    JS_Flag                                  0x200000f2   Data           1  tim7.o(.data)
    CD                                       0x200000f3   Data           1  tim7.o(.data)
    HBD                                      0x200000f4   Data           1  tim7.o(.data)
    CD_T                                     0x200000f6   Data           2  tim7.o(.data)
    Count_ms                                 0x200000f8   Data           4  tim7.o(.data)
    BH_flag                                  0x200000fc   Data           1  tim7.o(.data)
    Time_1                                   0x20000100   Data           4  tim7.o(.data)
    Time_2                                   0x20000104   Data           4  tim7.o(.data)
    Time_3                                   0x20000108   Data           4  tim7.o(.data)
    Time_4                                   0x2000010c   Data           4  tim7.o(.data)
    Time_5                                   0x20000110   Data           4  tim7.o(.data)
    Time_6                                   0x20000114   Data           4  tim7.o(.data)
    Time_7                                   0x20000118   Data           4  tim7.o(.data)
    Time_8                                   0x2000011c   Data           4  tim7.o(.data)
    Time_10                                  0x20000120   Data           4  tim7.o(.data)
    Time_11                                  0x20000124   Data           4  tim7.o(.data)
    Time_12                                  0x20000128   Data           4  tim7.o(.data)
    ZX_flag                                  0x2000012c   Data           1  tim7.o(.data)
    YB_JL                                    0x20000130   Data           4  tim7.o(.data)
    TB_time                                  0x20000134   Data           4  tim7.o(.data)
    __stdout                                 0x20000138   Data           4  stdout.o(.data)
    UART_RxBuffer                            0x2000013c   Data         256  bsp_usart.o(.bss)
    status                                   0x2000023c   Data          14  led.o(.bss)
    hongwaiflags                             0x2000024c   Data          20  led.o(.bss)
    ultrasonic3                              0x20000260   Data          16  tim2.o(.bss)
    ultrasonic4                              0x20000270   Data          16  tim2.o(.bss)
    sPID1                                    0x20000280   Data          64  tim4.o(.bss)
    sPID2                                    0x200002c0   Data          64  tim4.o(.bss)
    sPID3                                    0x20000300   Data          64  tim4.o(.bss)
    sPID4                                    0x20000340   Data          64  tim4.o(.bss)
    __initial_sp                             0x20000780   Data           0  startup_stm32f10x_hd.o(STACK)



==============================================================================

Memory Map of the image

  Image Entry point : 0x08000131

  Load Region LR_IROM1 (Base: 0x08000000, Size: 0x000075b8, Max: 0x00080000, ABSOLUTE, COMPRESSED[0x000074dc])

    Execution Region ER_IROM1 (Exec base: 0x08000000, Load base: 0x08000000, Size: 0x0000747c, Max: 0x00080000, ABSOLUTE)

    Exec Addr    Load Addr    Size         Type   Attr      Idx    E Section Name        Object

    0x08000000   0x08000000   0x00000130   Data   RO            3    RESET               startup_stm32f10x_hd.o
    0x08000130   0x08000130   0x00000000   Code   RO         2038  * .ARM.Collect$$$$00000000  mc_w.l(entry.o)
    0x08000130   0x08000130   0x00000004   Code   RO         2418    .ARM.Collect$$$$00000001  mc_w.l(entry2.o)
    0x08000134   0x08000134   0x00000004   Code   RO         2421    .ARM.Collect$$$$00000004  mc_w.l(entry5.o)
    0x08000138   0x08000138   0x00000000   Code   RO         2423    .ARM.Collect$$$$00000008  mc_w.l(entry7b.o)
    0x08000138   0x08000138   0x00000000   Code   RO         2425    .ARM.Collect$$$$0000000A  mc_w.l(entry8b.o)
    0x08000138   0x08000138   0x00000008   Code   RO         2426    .ARM.Collect$$$$0000000B  mc_w.l(entry9a.o)
    0x08000140   0x08000140   0x00000000   Code   RO         2428    .ARM.Collect$$$$0000000D  mc_w.l(entry10a.o)
    0x08000140   0x08000140   0x00000000   Code   RO         2430    .ARM.Collect$$$$0000000F  mc_w.l(entry11a.o)
    0x08000140   0x08000140   0x00000004   Code   RO         2419    .ARM.Collect$$$$00002712  mc_w.l(entry2.o)
    0x08000144   0x08000144   0x00000024   Code   RO            4    .text               startup_stm32f10x_hd.o
    0x08000168   0x08000168   0x000001e0   Code   RO           24    .text               system_stm32f10x.o
    0x08000348   0x08000348   0x000000dc   Code   RO          121    .text               misc.o
    0x08000424   0x08000424   0x0000011c   Code   RO          233    .text               stm32f10x_exti.o
    0x08000540   0x08000540   0x0000035c   Code   RO          269    .text               stm32f10x_gpio.o
    0x0800089c   0x0800089c   0x000003a4   Code   RO          317    .text               stm32f10x_rcc.o
    0x08000c40   0x08000c40   0x00000e1a   Code   RO          367    .text               stm32f10x_tim.o
    0x08001a5a   0x08001a5a   0x00000002   PAD
    0x08001a5c   0x08001a5c   0x00000408   Code   RO          379    .text               stm32f10x_usart.o
    0x08001e64   0x08001e64   0x000000d4   Code   RO          403    .text               main.o
    0x08001f38   0x08001f38   0x00000020   Code   RO          618    .text               stm32f10x_it.o
    0x08001f58   0x08001f58   0x00000120   Code   RO          633    .text               bsp_systick.o
    0x08002078   0x08002078   0x000001d4   Code   RO          654    .text               bsp_usart.o
    0x0800224c   0x0800224c   0x000001d4   Code   RO          677    .text               bsp_usart3.o
    0x08002420   0x08002420   0x000004be   Code   RO          704    .text               key.o
    0x080028de   0x080028de   0x00000002   PAD
    0x080028e0   0x080028e0   0x0000007c   Code   RO          734    .text               led.o
    0x0800295c   0x0800295c   0x00000328   Code   RO          768    .text               tim2.o
    0x08002c84   0x08002c84   0x000001d8   Code   RO          788    .text               tim3.o
    0x08002e5c   0x08002e5c   0x00001144   Code   RO          806    .text               tim4.o
    0x08003fa0   0x08003fa0   0x00000368   Code   RO          924    .text               tim6.o
    0x08004308   0x08004308   0x00000bf4   Code   RO          966    .text               oled.o
    0x08004efc   0x08004efc   0x00000060   Code   RO         1071    .text               hongwai.o
    0x08004f5c   0x08004f5c   0x00000160   Code   RO         1086    .text               uart4.o
    0x080050bc   0x080050bc   0x000004ac   Code   RO         1202    .text               uart5.o
    0x08005568   0x08005568   0x0000079c   Code   RO         1253    .text               tim7.o
    0x08005d04   0x08005d04   0x0000001e   Code   RO         2043    .text               mc_w.l(llshl.o)
    0x08005d22   0x08005d22   0x00000024   Code   RO         2045    .text               mc_w.l(llsshr.o)
    0x08005d46   0x08005d46   0x0000014e   Code   RO         2328    .text               mf_w.l(dadd.o)
    0x08005e94   0x08005e94   0x000000e4   Code   RO         2330    .text               mf_w.l(dmul.o)
    0x08005f78   0x08005f78   0x000000de   Code   RO         2332    .text               mf_w.l(ddiv.o)
    0x08006056   0x08006056   0x00000022   Code   RO         2342    .text               mf_w.l(dflti.o)
    0x08006078   0x08006078   0x0000003e   Code   RO         2350    .text               mf_w.l(dfixi.o)
    0x080060b6   0x080060b6   0x00000026   Code   RO         2354    .text               mf_w.l(f2d.o)
    0x080060dc   0x080060dc   0x00000030   Code   RO         2356    .text               mf_w.l(cdcmple.o)
    0x0800610c   0x0800610c   0x00000030   Code   RO         2358    .text               mf_w.l(cdrcmple.o)
    0x0800613c   0x0800613c   0x0000002c   Code   RO         2433    .text               mc_w.l(uidiv.o)
    0x08006168   0x08006168   0x00000062   Code   RO         2435    .text               mc_w.l(uldiv.o)
    0x080061ca   0x080061ca   0x00000020   Code   RO         2437    .text               mc_w.l(llushr.o)
    0x080061ea   0x080061ea   0x00000000   Code   RO         2446    .text               mc_w.l(iusefp.o)
    0x080061ea   0x080061ea   0x000000ba   Code   RO         2453    .text               mf_w.l(depilogue.o)
    0x080062a4   0x080062a4   0x00000030   Code   RO         2457    .text               mf_w.l(dfixul.o)
    0x080062d4   0x080062d4   0x00000024   Code   RO         2459    .text               mc_w.l(init.o)
    0x080062f8   0x080062f8   0x00000056   Code   RO         2471    .text               mc_w.l(__dczerorl2.o)
    0x0800634e   0x0800634e   0x00000002   PAD
    0x08006350   0x08006350   0x00000020   Code   RO         2292    i.__0printf         mc_w.l(printfa.o)
    0x08006370   0x08006370   0x0000000e   Code   RO         2465    i.__scatterload_copy  mc_w.l(handlers.o)
    0x0800637e   0x0800637e   0x00000002   Code   RO         2466    i.__scatterload_null  mc_w.l(handlers.o)
    0x08006380   0x08006380   0x0000000e   Code   RO         2467    i.__scatterload_zeroinit  mc_w.l(handlers.o)
    0x0800638e   0x0800638e   0x00000002   PAD
    0x08006390   0x08006390   0x00000184   Code   RO         2299    i._fp_digits        mc_w.l(printfa.o)
    0x08006514   0x08006514   0x000006dc   Code   RO         2300    i._printf_core      mc_w.l(printfa.o)
    0x08006bf0   0x08006bf0   0x00000024   Code   RO         2301    i._printf_post_padding  mc_w.l(printfa.o)
    0x08006c14   0x08006c14   0x0000002e   Code   RO         2302    i._printf_pre_padding  mc_w.l(printfa.o)
    0x08006c42   0x08006c42   0x00000818   Data   RO          967    .constdata          oled.o
    0x0800745a   0x0800745a   0x00000002   PAD
    0x0800745c   0x0800745c   0x00000020   Data   RO         2463    Region$$Table       anon$$obj.o


    Execution Region RW_IRAM1 (Exec base: 0x20000000, Load base: 0x0800747c, Size: 0x00000780, Max: 0x00010000, ABSOLUTE, COMPRESSED[0x00000060])

    Exec Addr    Load Addr    Size         Type   Attr      Idx    E Section Name        Object

    0x20000000   COMPRESSED   0x00000014   Data   RW           25    .data               system_stm32f10x.o
    0x20000014   COMPRESSED   0x00000014   Data   RW          318    .data               stm32f10x_rcc.o
    0x20000028   COMPRESSED   0x00000032   Data   RW          404    .data               main.o
    0x2000005a   COMPRESSED   0x00000002   PAD
    0x2000005c   COMPRESSED   0x00000004   Data   RW          634    .data               bsp_systick.o
    0x20000060   COMPRESSED   0x00000001   Data   RW          656    .data               bsp_usart.o
    0x20000061   COMPRESSED   0x00000003   PAD
    0x20000064   COMPRESSED   0x0000001d   Data   RW          679    .data               bsp_usart3.o
    0x20000081   COMPRESSED   0x00000003   PAD
    0x20000084   COMPRESSED   0x00000004   Data   RW          770    .data               tim2.o
    0x20000088   COMPRESSED   0x00000010   Data   RW          789    .data               tim3.o
    0x20000098   COMPRESSED   0x00000026   Data   RW          808    .data               tim4.o
    0x200000be   COMPRESSED   0x0000000c   Data   RW          925    .data               tim6.o
    0x200000ca   COMPRESSED   0x00000013   Data   RW         1203    .data               uart5.o
    0x200000dd   COMPRESSED   0x00000003   PAD
    0x200000e0   COMPRESSED   0x00000058   Data   RW         1254    .data               tim7.o
    0x20000138   COMPRESSED   0x00000004   Data   RW         2432    .data               mc_w.l(stdout.o)
    0x2000013c        -       0x00000100   Zero   RW          655    .bss                bsp_usart.o
    0x2000023c        -       0x00000024   Zero   RW          735    .bss                led.o
    0x20000260        -       0x00000020   Zero   RW          769    .bss                tim2.o
    0x20000280        -       0x00000100   Zero   RW          807    .bss                tim4.o
    0x20000380        -       0x00000400   Zero   RW            1    STACK               startup_stm32f10x_hd.o


==============================================================================

Image component sizes


      Code (inc. data)   RO Data    RW Data    ZI Data      Debug   Object Name

       288         20          0          4          0      17175   bsp_systick.o
       468         16          0          1        256       3314   bsp_usart.o
       468         30          0         29          0       2123   bsp_usart3.o
         0          0          0          0          0       4500   core_cm3.o
        96         12          0          0          0        523   hongwai.o
      1214         22          0          0          0      17004   key.o
       124         18          0          0         36       2889   led.o
       212         82          0         50          0     227790   main.o
       220         22          0          0          0       1837   misc.o
      3060         22       2072          0          0      12695   oled.o
        36          8        304          0       1024        864   startup_stm32f10x_hd.o
       284         10          0          0          0       2295   stm32f10x_exti.o
       860         38          0          0          0       5769   stm32f10x_gpio.o
        32          0          0          0          0       1302   stm32f10x_it.o
       932         36          0         20          0       8964   stm32f10x_rcc.o
      3610         88          0          0          0      22880   stm32f10x_tim.o
      1032         22          0          0          0       8496   stm32f10x_usart.o
       480         38          0         20          0     252587   system_stm32f10x.o
       808         78          0          4         32       3617   tim2.o
       472         30          0         16          0       1686   tim3.o
      4420        196          0         38        256     254258   tim4.o
       872        116          0         12          0       1829   tim6.o
      1948        210          0         88          0       3062   tim7.o
       352         18          0          0          0       1100   uart4.o
      1196         64          0         19          0       2935   uart5.o

    ----------------------------------------------------------------------
     23488       1196       2410        312       1604     861494   Object Totals
         0          0         32          0          0          0   (incl. Generated)
         4          0          2         11          0          0   (incl. Padding)

    ----------------------------------------------------------------------

      Code (inc. data)   RO Data    RW Data    ZI Data      Debug   Library Member Name

        86          0          0          0          0          0   __dczerorl2.o
         0          0          0          0          0          0   entry.o
         0          0          0          0          0          0   entry10a.o
         0          0          0          0          0          0   entry11a.o
         8          4          0          0          0          0   entry2.o
         4          0          0          0          0          0   entry5.o
         0          0          0          0          0          0   entry7b.o
         0          0          0          0          0          0   entry8b.o
         8          4          0          0          0          0   entry9a.o
        30          0          0          0          0          0   handlers.o
        36          8          0          0          0         68   init.o
         0          0          0          0          0          0   iusefp.o
        30          0          0          0          0         68   llshl.o
        36          0          0          0          0         68   llsshr.o
        32          0          0          0          0         68   llushr.o
      2258         90          0          0          0        452   printfa.o
         0          0          0          4          0          0   stdout.o
        44          0          0          0          0         80   uidiv.o
        98          0          0          0          0         92   uldiv.o
        48          0          0          0          0         68   cdcmple.o
        48          0          0          0          0         68   cdrcmple.o
       334          0          0          0          0        148   dadd.o
       222          0          0          0          0        100   ddiv.o
       186          0          0          0          0        176   depilogue.o
        62          0          0          0          0         80   dfixi.o
        48          0          0          0          0         68   dfixul.o
        34          0          0          0          0         76   dflti.o
       228          0          0          0          0         96   dmul.o
        38          0          0          0          0         68   f2d.o

    ----------------------------------------------------------------------
      3922        106          0          4          0       1844   Library Totals
         4          0          0          0          0          0   (incl. Padding)

    ----------------------------------------------------------------------

      Code (inc. data)   RO Data    RW Data    ZI Data      Debug   Library Name

      2670        106          0          4          0        896   mc_w.l
      1248          0          0          0          0        948   mf_w.l

    ----------------------------------------------------------------------
      3922        106          0          4          0       1844   Library Totals

    ----------------------------------------------------------------------

==============================================================================


      Code (inc. data)   RO Data    RW Data    ZI Data      Debug   

     27410       1302       2410        316       1604     860762   Grand Totals
     27410       1302       2410         96       1604     860762   ELF Image Totals (compressed)
     27410       1302       2410         96          0          0   ROM Totals

==============================================================================

    Total RO  Size (Code + RO Data)                29820 (  29.12kB)
    Total RW  Size (RW Data + ZI Data)              1920 (   1.88kB)
    Total ROM Size (Code + RO Data + RW Data)      29916 (  29.21kB)

==============================================================================

